Archive member included because of file (symbol)

/buildpd/10BDL4551T_SZ/prebuilts/gcc/linux-x86/arm/arm-eabi-4.8/bin/../lib/gcc/arm-eabi/4.8/libgcc.a(_udivsi3.o)
                              arch/arm/cpu/armv7/rk32xx/built-in.o (__aeabi_uidiv)
/buildpd/10BDL4551T_SZ/prebuilts/gcc/linux-x86/arm/arm-eabi-4.8/bin/../lib/gcc/arm-eabi/4.8/libgcc.a(_divsi3.o)
                              board/rockchip/common/built-in.o (__aeabi_idiv)
/buildpd/10BDL4551T_SZ/prebuilts/gcc/linux-x86/arm/arm-eabi-4.8/bin/../lib/gcc/arm-eabi/4.8/libgcc.a(_dvmd_tls.o)
                              /buildpd/10BDL4551T_SZ/prebuilts/gcc/linux-x86/arm/arm-eabi-4.8/bin/../lib/gcc/arm-eabi/4.8/libgcc.a(_udivsi3.o) (__aeabi_idiv0)
/buildpd/10BDL4551T_SZ/prebuilts/gcc/linux-x86/arm/arm-eabi-4.8/bin/../lib/gcc/arm-eabi/4.8/libgcc.a(_lshrdi3.o)
                              common/built-in.o (__aeabi_llsr)
/buildpd/10BDL4551T_SZ/prebuilts/gcc/linux-x86/arm/arm-eabi-4.8/bin/../lib/gcc/arm-eabi/4.8/libgcc.a(_ashldi3.o)
                              common/built-in.o (__aeabi_llsl)
/buildpd/10BDL4551T_SZ/prebuilts/gcc/linux-x86/arm/arm-eabi-4.8/bin/../lib/gcc/arm-eabi/4.8/libgcc.a(_aeabi_uldivmod.o)
                              drivers/built-in.o (__aeabi_uldivmod)
/buildpd/10BDL4551T_SZ/prebuilts/gcc/linux-x86/arm/arm-eabi-4.8/bin/../lib/gcc/arm-eabi/4.8/libgcc.a(bpabi.o)
                              /buildpd/10BDL4551T_SZ/prebuilts/gcc/linux-x86/arm/arm-eabi-4.8/bin/../lib/gcc/arm-eabi/4.8/libgcc.a(_aeabi_uldivmod.o) (__gnu_uldivmod_helper)
/buildpd/10BDL4551T_SZ/prebuilts/gcc/linux-x86/arm/arm-eabi-4.8/bin/../lib/gcc/arm-eabi/4.8/libgcc.a(_divdi3.o)
                              /buildpd/10BDL4551T_SZ/prebuilts/gcc/linux-x86/arm/arm-eabi-4.8/bin/../lib/gcc/arm-eabi/4.8/libgcc.a(bpabi.o) (__divdi3)
/buildpd/10BDL4551T_SZ/prebuilts/gcc/linux-x86/arm/arm-eabi-4.8/bin/../lib/gcc/arm-eabi/4.8/libgcc.a(_udivdi3.o)
                              /buildpd/10BDL4551T_SZ/prebuilts/gcc/linux-x86/arm/arm-eabi-4.8/bin/../lib/gcc/arm-eabi/4.8/libgcc.a(bpabi.o) (__udivdi3)

Discarded input sections

 .data          0x0000000000000000        0x0 arch/arm/cpu/armv7/start.o
 .bss           0x0000000000000000        0x0 arch/arm/cpu/armv7/start.o
 .text          0x0000000000000000      0x170 arch/arm/cpu/armv7/built-in.o
 .text.mmu_page_table_flush
                0x0000000000000000       0x24 arch/arm/cpu/armv7/built-in.o
 .text.sdelay   0x0000000000000000        0xc arch/arm/cpu/armv7/built-in.o
 .text.wait_on_value
                0x0000000000000000       0x34 arch/arm/cpu/armv7/built-in.o
 .text.cpu_suspend_save
                0x0000000000000000       0x28 arch/arm/cpu/armv7/built-in.o
 .data          0x0000000000000000        0x0 arch/arm/cpu/armv7/built-in.o
 .bss           0x0000000000000000        0x0 arch/arm/cpu/armv7/built-in.o
 .text.rk_get_cpu_version
                0x0000000000000000        0xc arch/arm/cpu/armv7/rk32xx/built-in.o
 .text.rkclk_pll_mode
                0x0000000000000000       0xb0 arch/arm/cpu/armv7/rk32xx/built-in.o
 .text.rkclk_set_pll_rate_by_id
                0x0000000000000000       0x24 arch/arm/cpu/armv7/rk32xx/built-in.o
 .text.rkclk_get_pll_rate_by_id
                0x0000000000000000        0x4 arch/arm/cpu/armv7/rk32xx/built-in.o
 .text.rkclk_set_mmc_clk_freq
                0x0000000000000000      0x1a8 arch/arm/cpu/armv7/rk32xx/built-in.o
 .text.rkclk_set_mmc_tuning
                0x0000000000000000       0x5c arch/arm/cpu/armv7/rk32xx/built-in.o
 .text.rkclk_get_spi_clk
                0x0000000000000000       0x4c arch/arm/cpu/armv7/rk32xx/built-in.o
 .text.gic_set_irq_type
                0x0000000000000000       0xc8 arch/arm/cpu/armv7/rk32xx/built-in.o
 .text.gpio_irq_set_type
                0x0000000000000000      0x124 arch/arm/cpu/armv7/rk32xx/built-in.o
 .text.irq_set_irq_type
                0x0000000000000000       0x30 arch/arm/cpu/armv7/rk32xx/built-in.o
 .text.irq_uninstall_handler
                0x0000000000000000       0x18 arch/arm/cpu/armv7/rk32xx/built-in.o
 .text.rk_pm_wakeup_gpio_init
                0x0000000000000000       0x64 arch/arm/cpu/armv7/rk32xx/built-in.o
 .text.rk_pm_wakeup_gpio_deinit
                0x0000000000000000       0x50 arch/arm/cpu/armv7/rk32xx/built-in.o
 .text.rk_pm_enter
                0x0000000000000000       0x98 arch/arm/cpu/armv7/rk32xx/built-in.o
 .data          0x0000000000000000        0x0 arch/arm/cpu/armv7/rk32xx/built-in.o
 .bss           0x0000000000000000        0x0 arch/arm/cpu/armv7/rk32xx/built-in.o
 .text.flush_cache
                0x0000000000000000        0x4 arch/arm/lib/built-in.o
 .text.flush_dcache_all
                0x0000000000000000        0xc arch/arm/lib/built-in.o
 .text.enable_caches
                0x0000000000000000        0xc arch/arm/lib/built-in.o
 .text.arm_init_before_mmu
                0x0000000000000000        0x4 arch/arm/lib/built-in.o
 .text.mmu_page_table_flush
[...]
Memory Configuration

Name             Origin             Length             Attributes
*default*        0x0000000000000000 0xffffffffffffffff

Linker script and memory map

Address of section .text set to 0x0
                0x0000000000000000                . = 0x0
                0x0000000000000000                . = ALIGN (0x4)

.text           0x0000000000000000    0x404f8
 *(.__image_copy_start)
 .__image_copy_start
                0x0000000000000000        0x0 arch/arm/lib/built-in.o
                0x0000000000000000                __image_copy_start
 *(.vectors)
 .vectors       0x0000000000000000      0x4e0 arch/arm/lib/built-in.o
                0x0000000000000000                _start
                0x0000000000000008                RSA_KEY_TAG
                0x000000000000000c                RSA_KEY_LENGTH
                0x0000000000000010                RSA_KEY_DATA
                0x0000000000000208                LoaderTagCheck
                0x0000000000000220                _vector
                0x0000000000000240                _undefined_instruction
                0x0000000000000244                _software_interrupt
                0x0000000000000248                _prefetch_abort
                0x000000000000024c                _data_abort
                0x0000000000000250                _not_used
                0x0000000000000254                _irq
                0x0000000000000258                _fiq
                0x0000000000000260                IRQ_STACK_START_IN
                0x0000000000000264                IRQ_STACK_START
                0x0000000000000268                FIQ_STACK_START
 arch/arm/cpu/armv7/start.o(.text*)
 .text          0x00000000000004e0       0xc8 arch/arm/cpu/armv7/start.o
                0x00000000000004e0                reset
                0x0000000000000538                c_runtime_cpu_setup
                0x0000000000000550                save_boot_params
                0x0000000000000554                cpu_init_cp15
                0x0000000000000598                cpu_init_crit
 *(.text*)
 .text.v7_maint_dcache_all
                0x00000000000005a8       0xd4 arch/arm/cpu/armv7/built-in.o
 .text.v7_dcache_inval_range
                0x000000000000067c       0x80 arch/arm/cpu/armv7/built-in.o
 .text.invalidate_icache_all
                0x00000000000006fc       0x18 arch/arm/cpu/armv7/built-in.o
                0x00000000000006fc                invalidate_icache_all
 .text.v7_outer_cache_enable
                0x0000000000000714        0x4 arch/arm/cpu/armv7/built-in.o
                0x0000000000000714                v7_outer_cache_enable
 .text.v7_outer_cache_disable
                0x0000000000000718        0x4 arch/arm/cpu/armv7/built-in.o
                0x0000000000000718                v7_outer_cache_disable
 .text.v7_outer_cache_flush_all
                0x000000000000071c        0x4 arch/arm/cpu/armv7/built-in.o
                0x000000000000071c                v7_outer_cache_flush_all
 .text.flush_dcache_all
                0x0000000000000720       0x14 arch/arm/cpu/armv7/built-in.o
                0x0000000000000720                flush_dcache_all
 .text.v7_outer_cache_inval_all
                0x0000000000000734        0x4 arch/arm/cpu/armv7/built-in.o
                0x0000000000000734                v7_outer_cache_inval_all
 .text.invalidate_dcache_all
                0x0000000000000738       0x14 arch/arm/cpu/armv7/built-in.o
                0x0000000000000738                invalidate_dcache_all
 .text.arm_init_before_mmu
                0x000000000000074c       0x28 arch/arm/cpu/armv7/built-in.o
                0x000000000000074c                arm_init_before_mmu
 .text.v7_outer_cache_flush_range
                0x0000000000000774        0x4 arch/arm/cpu/armv7/built-in.o
                0x0000000000000774                v7_outer_cache_flush_range
 .text.flush_dcache_range
                0x0000000000000778       0x3c arch/arm/cpu/armv7/built-in.o
                0x0000000000000778                flush_dcache_range
 .text.flush_cache
                0x00000000000007b4        0x8 arch/arm/cpu/armv7/built-in.o
                0x00000000000007b4                flush_cache
 .text.v7_outer_cache_inval_range
                0x00000000000007bc        0x4 arch/arm/cpu/armv7/built-in.o
                0x00000000000007bc                v7_outer_cache_inval_range
 .text.invalidate_dcache_range
                0x00000000000007c0       0x3c arch/arm/cpu/armv7/built-in.o
                0x00000000000007c0                invalidate_dcache_range
 .text.cpu_cache_initialization
                0x00000000000007fc        0x4 arch/arm/cpu/armv7/built-in.o
                0x00000000000007fc                cpu_cache_initialization
 .text.cleanup_before_linux
                0x0000000000000800       0x28 arch/arm/cpu/armv7/built-in.o
                0x0000000000000800                cleanup_before_linux
 *fill*         0x0000000000000828       0x18 
 .text          0x0000000000000840       0x40 arch/arm/cpu/armv7/rk32xx/built-in.o
                0x0000000000000840                lowlevel_init
 .text.enable_caches
                0x0000000000000880        0x4 arch/arm/cpu/armv7/rk32xx/built-in.o
                0x0000000000000880                enable_caches
 .text.rk_get_bootrom_chip_version
                0x0000000000000884       0x1c arch/arm/cpu/armv7/rk32xx/built-in.o
                0x0000000000000884                rk_get_bootrom_chip_version
 .text.rk_get_chiptype
                0x00000000000008a0       0x24 arch/arm/cpu/armv7/rk32xx/built-in.o
                0x00000000000008a0                rk_get_chiptype
 .text.arch_cpu_init
                0x00000000000008c4       0x5c arch/arm/cpu/armv7/rk32xx/built-in.o
                0x00000000000008c4                arch_cpu_init
 .text.print_cpuinfo
                0x0000000000000920       0x5c arch/arm/cpu/armv7/rk32xx/built-in.o
                0x0000000000000920                print_cpuinfo
 .text.timer_init
                0x000000000000097c       0x20 arch/arm/cpu/armv7/rk32xx/built-in.o
                0x000000000000097c                timer_init
 .text.get_timer_masked
                0x000000000000099c       0x58 arch/arm/cpu/armv7/rk32xx/built-in.o
                0x000000000000099c                get_timer_masked
 .text.get_timer
                0x00000000000009f4       0x14 arch/arm/cpu/armv7/rk32xx/built-in.o
                0x00000000000009f4                get_timer
 .text.__udelay
                0x0000000000000a08       0x4c arch/arm/cpu/armv7/rk32xx/built-in.o
                0x0000000000000a08                __udelay
 .text.get_ticks
                0x0000000000000a54       0x10 arch/arm/cpu/armv7/rk32xx/built-in.o
                0x0000000000000a54                get_ticks
 .text.get_tbclk
                0x0000000000000a64        0x8 arch/arm/cpu/armv7/rk32xx/built-in.o
                0x0000000000000a64                get_tbclk
 .text.clk_loop_delayus
                0x0000000000000a6c       0x30 arch/arm/cpu/armv7/rk32xx/built-in.o
 .text.rkclk_pll_wait_lock
                0x0000000000000a9c       0x64 arch/arm/cpu/armv7/rk32xx/built-in.o
 .text.rkclk_pll_set_rate
                0x0000000000000b00      0x154 arch/arm/cpu/armv7/rk32xx/built-in.o
 .text.rkclk_lcdc_aclk_config
                0x0000000000000c54       0x80 arch/arm/cpu/armv7/rk32xx/built-in.o
 .text.rkclk_pll_get_rate
                0x0000000000000cd4       0x94 arch/arm/cpu/armv7/rk32xx/built-in.o
 .text.rkclk_apll_cb
                0x0000000000000d68       0x9c arch/arm/cpu/armv7/rk32xx/built-in.o
 .text.rkclk_gpll_cb
                0x0000000000000e04       0xd8 arch/arm/cpu/armv7/rk32xx/built-in.o
 .text.rkclk_set_pll
                0x0000000000000edc       0x40 arch/arm/cpu/armv7/rk32xx/built-in.o
                0x0000000000000edc                rkclk_set_pll
 .text.rkclk_get_pll
                0x0000000000000f1c      0x1b0 arch/arm/cpu/armv7/rk32xx/built-in.o
                0x0000000000000f1c                rkclk_get_pll
 .text.rkclk_dump_pll
                0x00000000000010cc       0x6c arch/arm/cpu/armv7/rk32xx/built-in.o
                0x00000000000010cc                rkclk_dump_pll
 .text.rkclk_set_cpll_rate
                0x0000000000001138      0x22c arch/arm/cpu/armv7/rk32xx/built-in.o
                0x0000000000001138                rkclk_set_cpll_rate
 .text.rkclk_lcdc_clk_set
                0x0000000000001364      0x224 arch/arm/cpu/armv7/rk32xx/built-in.o
                0x0000000000001364                rkclk_lcdc_clk_set
 .text.rkclk_set_nandc_freq_from_gpll
                0x0000000000001588       0x70 arch/arm/cpu/armv7/rk32xx/built-in.o
                0x0000000000001588                rkclk_set_nandc_freq_from_gpll
 .text.rkclk_set_mmc_clk_src
                0x00000000000015f8       0x60 arch/arm/cpu/armv7/rk32xx/built-in.o
                0x00000000000015f8                rkclk_set_mmc_clk_src
 .text.rkclk_get_mmc_clk
                0x0000000000001658       0x80 arch/arm/cpu/armv7/rk32xx/built-in.o
                0x0000000000001658                rkclk_get_mmc_clk
 .text.rkclk_get_mmc_freq_from_gpll
                0x00000000000016d8       0x20 arch/arm/cpu/armv7/rk32xx/built-in.o
                0x00000000000016d8                rkclk_get_mmc_freq_from_gpll
 .text.rkclk_set_mmc_clk_div
                0x00000000000016f8       0x64 arch/arm/cpu/armv7/rk32xx/built-in.o
                0x00000000000016f8                rkclk_set_mmc_clk_div
 .text.rkclk_disable_mmc_tuning
                0x000000000000175c       0x40 arch/arm/cpu/armv7/rk32xx/built-in.o
                0x000000000000175c                rkclk_disable_mmc_tuning
 .text.rkclk_get_pwm_clk
                0x000000000000179c        0x8 arch/arm/cpu/armv7/rk32xx/built-in.o
                0x000000000000179c                rkclk_get_pwm_clk
 .text.rkclk_get_i2c_clk
                0x00000000000017a4       0x10 arch/arm/cpu/armv7/rk32xx/built-in.o
                0x00000000000017a4                rkclk_get_i2c_clk
 .text.rkclk_set_crypto_clk
                0x00000000000017b4       0x3c arch/arm/cpu/armv7/rk32xx/built-in.o
                0x00000000000017b4                rkclk_set_crypto_clk
 .text.rkclk_set_dp_ref_clk
                0x00000000000017f0       0x18 arch/arm/cpu/armv7/rk32xx/built-in.o
                0x00000000000017f0                rkclk_set_dp_ref_clk
 .text.rkcru_cpu_soft_reset
                0x0000000000001808       0x24 arch/arm/cpu/armv7/rk32xx/built-in.o
                0x0000000000001808                rkcru_cpu_soft_reset
 .text.rkcru_mmc_soft_reset
                0x000000000000182c       0x5c arch/arm/cpu/armv7/rk32xx/built-in.o
                0x000000000000182c                rkcru_mmc_soft_reset
 .text.rkcru_i2c_soft_reset
                0x0000000000001888       0x30 arch/arm/cpu/armv7/rk32xx/built-in.o
                0x0000000000001888                rkcru_i2c_soft_reset
 .text.gic_handler_enable
                0x00000000000018b8       0xcc arch/arm/cpu/armv7/rk32xx/built-in.o
 .text.gic_handler_disable
                0x0000000000001984       0x58 arch/arm/cpu/armv7/rk32xx/built-in.o
 .text.gpio_irq_disable
                0x00000000000019dc       0x4c arch/arm/cpu/armv7/rk32xx/built-in.o
 .text.gpio_irq_enable
                0x0000000000001a28       0x4c arch/arm/cpu/armv7/rk32xx/built-in.o
 .text.gpio_irq_handler
                0x0000000000001a74      0x108 arch/arm/cpu/armv7/rk32xx/built-in.o
 .text.irq_handler_enable
                0x0000000000001b7c       0x30 arch/arm/cpu/armv7/rk32xx/built-in.o
                0x0000000000001b7c                irq_handler_enable
 .text.irq_handler_disable
                0x0000000000001bac       0x30 arch/arm/cpu/armv7/rk32xx/built-in.o
                0x0000000000001bac                irq_handler_disable
 .text.irq_install_handler
                0x0000000000001bdc       0x40 arch/arm/cpu/armv7/rk32xx/built-in.o
                0x0000000000001bdc                irq_install_handler
 .text.do_irq   0x0000000000001c1c       0x44 arch/arm/cpu/armv7/rk32xx/built-in.o
                0x0000000000001c1c                do_irq
 .text.arch_interrupt_init
                0x0000000000001c60      0x168 arch/arm/cpu/armv7/rk32xx/built-in.o
                0x0000000000001c60                arch_interrupt_init
 .text.dram_bank_reserve
                0x0000000000001dc8      0x1c0 arch/arm/cpu/armv7/rk32xx/built-in.o
 .text.dram_init
                0x0000000000001f88       0x84 arch/arm/cpu/armv7/rk32xx/built-in.o
                0x0000000000001f88                dram_init
 .text.dram_init_banksize
                0x000000000000200c      0x1e0 arch/arm/cpu/armv7/rk32xx/built-in.o
                0x000000000000200c                dram_init_banksize
 .text.rk_iomux_sdcard_save
                0x00000000000021ec       0x28 arch/arm/cpu/armv7/rk32xx/built-in.o
                0x00000000000021ec                rk_iomux_sdcard_save
 .text.rk_iomux_sdcard_restore
                0x0000000000002214       0x24 arch/arm/cpu/armv7/rk32xx/built-in.o
                0x0000000000002214                rk_iomux_sdcard_restore
 .text.rk_iomux_config
                0x0000000000002238      0x2f0 arch/arm/cpu/armv7/rk32xx/built-in.o
                0x0000000000002238                rk_iomux_config
 .text.rk_module_deinit
                0x0000000000002528       0x24 arch/arm/cpu/armv7/rk32xx/built-in.o
                0x0000000000002528                rk_module_deinit
 .text.reset_cpu
                0x000000000000254c       0x24 arch/arm/cpu/armv7/rk32xx/built-in.o
                0x000000000000254c                reset_cpu
 .text          0x0000000000002570       0xfc arch/arm/lib/built-in.o
                0x0000000000002570                _main
                0x0000000000002608                relocate_code
 .text.arch_fixup_fdt
                0x000000000000266c      0x1e4 arch/arm/lib/built-in.o
                0x000000000000266c                arch_fixup_fdt
 .text.boot_jump_linux
                0x0000000000002850       0xbc arch/arm/lib/built-in.o
 .text.arch_lmb_reserve
                0x000000000000290c       0x24 arch/arm/lib/built-in.o
                0x000000000000290c                arch_lmb_reserve
 .text.setup_board_tags
                0x0000000000002930        0x4 arch/arm/lib/built-in.o
                0x0000000000002930                setup_board_tags
 .text.boot_prep_linux
                0x0000000000002934      0x170 arch/arm/lib/built-in.o
 .text.do_bootm_linux
                0x0000000000002aa4       0x60 arch/arm/lib/built-in.o
                0x0000000000002aa4                do_bootm_linux
 .text.arch_reserve_stacks
                0x0000000000002b04       0x34 arch/arm/lib/built-in.o
                0x0000000000002b04                arch_reserve_stacks
 .text.interrupt_init
                0x0000000000002b38       0x74 arch/arm/lib/built-in.o
                0x0000000000002b38                interrupt_init
 .text.enable_interrupts
                0x0000000000002bac       0x10 arch/arm/lib/built-in.o
                0x0000000000002bac                enable_interrupts
 .text.disable_interrupts
                0x0000000000002bbc       0x18 arch/arm/lib/built-in.o
                0x0000000000002bbc                disable_interrupts
 .text.bad_mode
                0x0000000000002bd4       0x10 arch/arm/lib/built-in.o
                0x0000000000002bd4                bad_mode
 .text.show_regs
                0x0000000000002be4      0x13c arch/arm/lib/built-in.o
                0x0000000000002be4                show_regs
 .text.do_undefined_instruction
                0x0000000000002d20       0x20 arch/arm/lib/built-in.o
                0x0000000000002d20                do_undefined_instruction
 .text.do_software_interrupt
                0x0000000000002d40       0x20 arch/arm/lib/built-in.o
                0x0000000000002d40                do_software_interrupt
 .text.do_prefetch_abort
                0x0000000000002d60       0x20 arch/arm/lib/built-in.o
                0x0000000000002d60                do_prefetch_abort
 .text.do_data_abort
                0x0000000000002d80       0x20 arch/arm/lib/built-in.o
                0x0000000000002d80                do_data_abort
 .text.do_not_used
                0x0000000000002da0       0x20 arch/arm/lib/built-in.o
                0x0000000000002da0                do_not_used
 .text.do_fiq   0x0000000000002dc0       0x20 arch/arm/lib/built-in.o
                0x0000000000002dc0                do_fiq
 .text.reset_misc
                0x0000000000002de0        0x4 arch/arm/lib/built-in.o
                0x0000000000002de0                reset_misc
 .text.do_reset
                0x0000000000002de4       0x30 arch/arm/lib/built-in.o
                0x0000000000002de4                do_reset
 .text.cp_delay
                0x0000000000002e14       0x30 arch/arm/lib/built-in.o
 .text.arm_init_domains
                0x0000000000002e44        0x4 arch/arm/lib/built-in.o
                0x0000000000002e44                arm_init_domains
 .text.set_section_dcache
                0x0000000000002e48       0x14 arch/arm/lib/built-in.o
                0x0000000000002e48                set_section_dcache
 .text.dram_bank_mmu_setup
                0x0000000000002e5c       0x44 arch/arm/lib/built-in.o
                0x0000000000002e5c                dram_bank_mmu_setup
 .text.icache_disable
                0x0000000000002ea0       0x20 arch/arm/lib/built-in.o
                0x0000000000002ea0                icache_disable
 .text.dcache_enable
                0x0000000000002ec0       0x6c arch/arm/lib/built-in.o
                0x0000000000002ec0                dcache_enable
 .text.dcache_disable
                0x0000000000002f2c       0x2c arch/arm/lib/built-in.o
                0x0000000000002f2c                dcache_disable
 .text.CRC_32CheckBuffer
                0x0000000000002f58       0x54 board/rockchip/common/built-in.o
                0x0000000000002f58                CRC_32CheckBuffer
 .text.dmult    0x0000000000002fac       0x68 board/rockchip/common/built-in.o
 .text.NN_Digits.part.2
                0x0000000000003014       0x30 board/rockchip/common/built-in.o
 .text.NN_Cmp   0x0000000000003044       0x50 board/rockchip/common/built-in.o
                0x0000000000003044                NN_Cmp
 .text.NN_Assign
                0x0000000000003094       0x24 board/rockchip/common/built-in.o
                0x0000000000003094                NN_Assign
 .text.NN_Digits
                0x00000000000030b8       0x14 board/rockchip/common/built-in.o
                0x00000000000030b8                NN_Digits
 .text.NN_AssignZero
                0x00000000000030cc       0x1c board/rockchip/common/built-in.o
                0x00000000000030cc                NN_AssignZero
 .text.NN_Sub   0x00000000000030e8       0x6c board/rockchip/common/built-in.o
                0x00000000000030e8                NN_Sub
 .text.NN_Mult  0x0000000000003154      0x110 board/rockchip/common/built-in.o
                0x0000000000003154                NN_Mult
 .text.NN_LShift
                0x0000000000003264       0x5c board/rockchip/common/built-in.o
                0x0000000000003264                NN_LShift
 .text.NN_RShift
                0x00000000000032c0       0x60 board/rockchip/common/built-in.o
                0x00000000000032c0                NN_RShift
 .text.NN_Div   0x0000000000003320      0x388 board/rockchip/common/built-in.o
                0x0000000000003320                NN_Div
 .text.NN_Mod   0x00000000000036a8       0x3c board/rockchip/common/built-in.o
                0x00000000000036a8                NN_Mod
 .text.NN_ModMult
                0x00000000000036e4       0x40 board/rockchip/common/built-in.o
                0x00000000000036e4                NN_ModMult
 .text.NN_ModExp
                0x0000000000003724      0x15c board/rockchip/common/built-in.o
                0x0000000000003724                NN_ModExp
 .text.NN_Decode
                0x0000000000003880       0x78 board/rockchip/common/built-in.o
                0x0000000000003880                NN_Decode
 .text.NN_Encode
                0x00000000000038f8       0x74 board/rockchip/common/built-in.o
                0x00000000000038f8                NN_Encode
 .text.rsapublicfunc.constprop.5
                0x000000000000396c       0xf4 board/rockchip/common/built-in.o
 .text.rsaDecodeHash
                0x0000000000003a60       0x64 board/rockchip/common/built-in.o
                0x0000000000003a60                rsaDecodeHash
 .text.rsaCheckMD5
                0x0000000000003ac4       0x7c board/rockchip/common/built-in.o
                0x0000000000003ac4                rsaCheckMD5
 .text.P_RC4    0x0000000000003b40      0x118 board/rockchip/common/built-in.o
                0x0000000000003b40                P_RC4
 .text.ftl_memset
                0x0000000000003c58        0x4 board/rockchip/common/built-in.o
                0x0000000000003c58                ftl_memset
 .text.ftl_memcpy
                0x0000000000003c5c       0x48 board/rockchip/common/built-in.o
                0x0000000000003c5c                ftl_memcpy
 .text.ftl_memcmp
                0x0000000000003ca4        0x4 board/rockchip/common/built-in.o
                0x0000000000003ca4                ftl_memcmp
 .text.DRVDelayUs
                0x0000000000003ca8        0x4 board/rockchip/common/built-in.o
                0x0000000000003ca8                DRVDelayUs
 .text.CacheFlushDRegion
                0x0000000000003cac        0x4 board/rockchip/common/built-in.o
                0x0000000000003cac                CacheFlushDRegion
 .text.CacheInvalidateDRegion
                0x0000000000003cb0        0x8 board/rockchip/common/built-in.o
                0x0000000000003cb0                CacheInvalidateDRegion
 .text.IReadLoaderFlag
                0x0000000000003cb8       0x10 board/rockchip/common/built-in.o
                0x0000000000003cb8                IReadLoaderFlag
 .text.ISetLoaderFlag
                0x0000000000003cc8       0x10 board/rockchip/common/built-in.o
                0x0000000000003cc8                ISetLoaderFlag
 .text.GetMmcCLK
                0x0000000000003cd8       0x14 board/rockchip/common/built-in.o
                0x0000000000003cd8                GetMmcCLK
 .text.SDCReset
                0x0000000000003cec       0x2c board/rockchip/common/built-in.o
                0x0000000000003cec                SDCReset
 .text.SCUSelSDClk
                0x0000000000003d18        0x4 board/rockchip/common/built-in.o
                0x0000000000003d18                SCUSelSDClk
 .text.sdmmcGpioInit
                0x0000000000003d1c       0x10 board/rockchip/common/built-in.o
                0x0000000000003d1c                sdmmcGpioInit
 .text.FW_NandDeInit
                0x0000000000003d2c       0x44 board/rockchip/common/built-in.o
                0x0000000000003d2c                FW_NandDeInit
 .text.rkplat_uart2UsbEn
                0x0000000000003d70       0x54 board/rockchip/common/built-in.o
                0x0000000000003d70                rkplat_uart2UsbEn
 .text.ParseAtoi
                0x0000000000003dc4       0xa4 board/rockchip/common/built-in.o
 .text.memparse
                0x0000000000003e68       0x68 board/rockchip/common/built-in.o
 .text.get_part
                0x0000000000003ed0      0x1b8 board/rockchip/common/built-in.o
 .text.find_mtd_part
                0x0000000000004088       0x50 board/rockchip/common/built-in.o
 .text.CheckParam
                0x00000000000040d8       0x80 board/rockchip/common/built-in.o
                0x00000000000040d8                CheckParam
 .text.GetParam
                0x0000000000004158       0x68 board/rockchip/common/built-in.o
                0x0000000000004158                GetParam
 .text.ParseParam
                0x00000000000041c0      0x718 board/rockchip/common/built-in.o
                0x00000000000041c0                ParseParam
 .text.get_disk_partition
                0x00000000000048d8       0x38 board/rockchip/common/built-in.o
                0x00000000000048d8                get_disk_partition
 .text.load_disk_partitions
                0x0000000000004910       0xa0 board/rockchip/common/built-in.o
                0x0000000000004910                load_disk_partitions
 .text.FindIDBlock.constprop.3
                0x00000000000049b0      0x134 board/rockchip/common/built-in.o
 .text.rkidb_update_loader
                0x0000000000004ae4      0xb00 board/rockchip/common/built-in.o
                0x0000000000004ae4                rkidb_update_loader
 .text.rkidb_setup_space
                0x00000000000055e4       0x58 board/rockchip/common/built-in.o
                0x00000000000055e4                rkidb_setup_space
 .text.rkidb_get_idblk_data
                0x000000000000563c       0xfc board/rockchip/common/built-in.o
                0x000000000000563c                rkidb_get_idblk_data
 .text.rkidb_get_bootloader_ver
                0x0000000000005738       0x94 board/rockchip/common/built-in.o
                0x0000000000005738                rkidb_get_bootloader_ver
 .text.rkidb_get_sn
                0x00000000000057cc       0x68 board/rockchip/common/built-in.o
                0x00000000000057cc                rkidb_get_sn
 .text.rkloader_CopyFlash2Memory
                0x0000000000005834       0x88 board/rockchip/common/built-in.o
                0x0000000000005834                rkloader_CopyFlash2Memory
 .text.rkloader_CopyMemory2Flash
                0x00000000000058bc       0x60 board/rockchip/common/built-in.o
                0x00000000000058bc                rkloader_CopyMemory2Flash
 .text.rkloader_change_cmd_for_recovery
                0x000000000000591c      0x114 board/rockchip/common/built-in.o
                0x000000000000591c                rkloader_change_cmd_for_recovery
 .text.rkloader_run_misc_cmd
                0x0000000000005a30      0x24c board/rockchip/common/built-in.o
                0x0000000000005a30                rkloader_run_misc_cmd
 .text.rkloader_fixInitrd
                0x0000000000005c7c       0xc0 board/rockchip/common/built-in.o
                0x0000000000005c7c                rkloader_fixInitrd
 .text.rkloader_set_bootloader_msg
                0x0000000000005d3c       0x64 board/rockchip/common/built-in.o
                0x0000000000005d3c                rkloader_set_bootloader_msg
 .text.rkimg_load_image
                0x0000000000005da0       0xac board/rockchip/common/built-in.o
 .text.rkimg_handleDirectDownload
                0x0000000000005e4c       0xa4 board/rockchip/common/built-in.o
 .text.rkimg_noBuffer
                0x0000000000005ef0       0x34 board/rockchip/common/built-in.o
 .text.rkimg_handleSparseDownload
                0x0000000000005f24      0x1d8 board/rockchip/common/built-in.o
 .text.rkimg_ImageDownload.part.0
                0x00000000000060fc       0x54 board/rockchip/common/built-in.o
 .text.rkimage_load_image
                0x0000000000006150       0x78 board/rockchip/common/built-in.o
                0x0000000000006150                rkimage_load_image
 .text.rkimage_partition_erase
                0x00000000000061c8       0x1c board/rockchip/common/built-in.o
                0x00000000000061c8                rkimage_partition_erase
 .text.rkimage_store_image
                0x00000000000061e4      0x7fc board/rockchip/common/built-in.o
                0x00000000000061e4                rkimage_store_image
 .text.rkimage_handleDownload
                0x00000000000069e0      0x1d4 board/rockchip/common/built-in.o
                0x00000000000069e0                rkimage_handleDownload
 .text.rkimage_load_fdt
                0x0000000000006bb4      0x17c board/rockchip/common/built-in.o
                0x0000000000006bb4                rkimage_load_fdt
 .text.rkimage_load_fdt_ram
                0x0000000000006d30       0x94 board/rockchip/common/built-in.o
                0x0000000000006d30                rkimage_load_fdt_ram
 .text.rkimage_prepare_fdt
                0x0000000000006dc4       0xb8 board/rockchip/common/built-in.o
                0x0000000000006dc4                rkimage_prepare_fdt
 .text.GetPortState
                0x0000000000006e7c       0xc4 board/rockchip/common/built-in.o
 .text.checkKey
                0x0000000000006f40       0x9c board/rockchip/common/built-in.o
                0x0000000000006f40                checkKey
 .text.key_init
                0x0000000000006fdc      0x244 board/rockchip/common/built-in.o
                0x0000000000006fdc                key_init
 .text.powerOn  0x0000000000007220       0x20 board/rockchip/common/built-in.o
                0x0000000000007220                powerOn
 .text.GetKeySlotStr
                0x0000000000007240       0x34 board/rockchip/common/built-in.o
                0x0000000000007240                GetKeySlotStr
 .text.free_blob
                0x0000000000007274       0x28 board/rockchip/common/built-in.o
                0x0000000000007274                free_blob
 .text.free_cert_chain
                0x000000000000729c       0x6c board/rockchip/common/built-in.o
                0x000000000000729c                free_cert_chain
 .text.copy_from_buf
                0x0000000000007308       0x28 board/rockchip/common/built-in.o
                0x0000000000007308                copy_from_buf
 .text.copy_uint32_from_buf
                0x0000000000007330        0x8 board/rockchip/common/built-in.o
                0x0000000000007330                copy_uint32_from_buf
 .text.copy_blob_from_buf
                0x0000000000007338       0x6c board/rockchip/common/built-in.o
                0x0000000000007338                copy_blob_from_buf
 .text.copy_cert_chain_from_buf
                0x00000000000073a4       0xe8 board/rockchip/common/built-in.o
                0x00000000000073a4                copy_cert_chain_from_buf
 .text.validate_ca_header
                0x000000000000748c       0xa8 board/rockchip/common/built-in.o
                0x000000000000748c                validate_ca_header
 .text.WriteKeyToStorage
                0x0000000000007534       0x78 board/rockchip/common/built-in.o
                0x0000000000007534                WriteKeyToStorage
 .text.WriteCertToStorage
                0x00000000000075ac       0x7c board/rockchip/common/built-in.o
                0x00000000000075ac                WriteCertToStorage
 .text.WriteChainLengthToStorage
                0x0000000000007628       0x7c board/rockchip/common/built-in.o
                0x0000000000007628                WriteChainLengthToStorage
 .text.load_attestation_key
                0x00000000000076a4      0x3b4 board/rockchip/common/built-in.o
                0x00000000000076a4                load_attestation_key
 .text.board_fbt_run_recovery
                0x0000000000007a58       0x44 board/rockchip/common/built-in.o
 .text.board_fbt_request_start_fastboot
                0x0000000000007a9c       0x54 board/rockchip/common/built-in.o
 .text.board_fbt_set_reboot_type
                0x0000000000007af0       0x84 board/rockchip/common/built-in.o
                0x0000000000007af0                board_fbt_set_reboot_type
 .text.board_fbt_get_reboot_type
                0x0000000000007b74      0x16c board/rockchip/common/built-in.o
                0x0000000000007b74                board_fbt_get_reboot_type
 .text.board_fbt_key_pressed
                0x0000000000007ce0      0x100 board/rockchip/common/built-in.o
                0x0000000000007ce0                board_fbt_key_pressed
 .text.board_fbt_finalize_bootargs
                0x0000000000007de0       0x64 board/rockchip/common/built-in.o
                0x0000000000007de0                board_fbt_finalize_bootargs
 .text.board_fbt_boot_failed
                0x0000000000007e44       0xd0 board/rockchip/common/built-in.o
                0x0000000000007e44                board_fbt_boot_failed
 .text.board_fbt_oem
                0x0000000000007f14        0x8 board/rockchip/common/built-in.o
                0x0000000000007f14                board_fbt_oem
 .text.board_fbt_handle_erase
                0x0000000000007f1c        0x4 board/rockchip/common/built-in.o
                0x0000000000007f1c                board_fbt_handle_erase
 .text.board_fbt_handle_flash
                0x0000000000007f20        0x4 board/rockchip/common/built-in.o
                0x0000000000007f20                board_fbt_handle_flash
 .text.board_fbt_handle_download
                0x0000000000007f24        0x4 board/rockchip/common/built-in.o
                0x0000000000007f24                board_fbt_handle_download
 .text.board_fbt_load_partition_table
                0x0000000000007f28        0x4 board/rockchip/common/built-in.o
                0x0000000000007f28                board_fbt_load_partition_table
 .text.board_fbt_get_partition
                0x0000000000007f2c        0x4 board/rockchip/common/built-in.o
                0x0000000000007f2c                board_fbt_get_partition
 .text.board_fbt_run_recovery_wipe_data
                0x0000000000007f30       0x88 board/rockchip/common/built-in.o
                0x0000000000007f30                board_fbt_run_recovery_wipe_data
 .text.board_fbt_preboot
                0x0000000000007fb8      0x248 board/rockchip/common/built-in.o
                0x0000000000007fb8                board_fbt_preboot
 .text.MMC_AccessBootPartition
                0x0000000000008200       0x6c board/rockchip/common/built-in.o
                0x0000000000008200                MMC_AccessBootPartition
 .text.MMC_SetBootBusWidth
                0x000000000000826c       0x70 board/rockchip/common/built-in.o
                0x000000000000826c                MMC_SetBootBusWidth
 .text.MMC_SwitchBoot
                0x00000000000082dc       0x78 board/rockchip/common/built-in.o
                0x00000000000082dc                MMC_SwitchBoot
 .text.MMC_Trim
                0x0000000000008354      0x130 board/rockchip/common/built-in.o
                0x0000000000008354                MMC_Trim
 .text.MMC_Init
                0x0000000000008484      0x718 board/rockchip/common/built-in.o
                0x0000000000008484                MMC_Init
 .text._SD_DecodeCID
                0x0000000000008b9c       0x88 board/rockchip/common/built-in.o
 .text._SD_DecodeCSD
                0x0000000000008c24       0xf0 board/rockchip/common/built-in.o
 .text.unlikely._SD_SwitchFunction
                0x0000000000008d14      0x3dc board/rockchip/common/built-in.o
 .text.SD1X_Init
                0x00000000000090f0      0x20c board/rockchip/common/built-in.o
                0x00000000000090f0                SD1X_Init
 .text.SD20_Init
                0x00000000000092fc      0x23c board/rockchip/common/built-in.o
                0x00000000000092fc                SD20_Init
 .text.unlikely._ReadRemainData
                0x0000000000009538      0x110 board/rockchip/common/built-in.o
 .text._ControlClock
                0x0000000000009648       0xd8 board/rockchip/common/built-in.o
 .text._ChangeFreq
                0x0000000000009720      0x1b0 board/rockchip/common/built-in.o
 .text._WaitCardBusy
                0x00000000000098d0       0x68 board/rockchip/common/built-in.o
 .text.eMMC_SetDataHigh
                0x0000000000009938       0x58 board/rockchip/common/built-in.o
                0x0000000000009938                eMMC_SetDataHigh
 .text.SDC_IsCardIdValid
                0x0000000000009990       0x10 board/rockchip/common/built-in.o
                0x0000000000009990                SDC_IsCardIdValid
 .text.SDC_IsCardWriteProtected
                0x00000000000099a0        0x8 board/rockchip/common/built-in.o
                0x00000000000099a0                SDC_IsCardWriteProtected
 .text.SDC_GetHostBusWidth
                0x00000000000099a8       0x20 board/rockchip/common/built-in.o
                0x00000000000099a8                SDC_GetHostBusWidth
 .text.SDC_SetHostBusWidth
                0x00000000000099c8       0x7c board/rockchip/common/built-in.o
                0x00000000000099c8                SDC_SetHostBusWidth
 .text.SDC_ResetController
                0x0000000000009a44      0x160 board/rockchip/common/built-in.o
                0x0000000000009a44                SDC_ResetController
 .text.SDC_Init
                0x0000000000009ba4      0x154 board/rockchip/common/built-in.o
                0x0000000000009ba4                SDC_Init
 .text.SDC_UpdateCardFreq
                0x0000000000009cf8       0x2c board/rockchip/common/built-in.o
                0x0000000000009cf8                SDC_UpdateCardFreq
 .text.SDC_ControlPower
                0x0000000000009d24       0x24 board/rockchip/common/built-in.o
                0x0000000000009d24                SDC_ControlPower
 .text.SDC_BusRequest
                0x0000000000009d48      0x9e0 board/rockchip/common/built-in.o
                0x0000000000009d48                SDC_BusRequest
 .text._ResponseTimeoutHandle
                0x000000000000a728       0xc0 board/rockchip/common/built-in.o
 .text._DataErrorHandle
                0x000000000000a7e8       0xb4 board/rockchip/common/built-in.o
 .text._SDMMC_Write
                0x000000000000a89c      0x190 board/rockchip/common/built-in.o
 .text._SDMMC_Read
                0x000000000000aa2c      0x208 board/rockchip/common/built-in.o
 .text._GenerateRCA
                0x000000000000ac34       0x3c board/rockchip/common/built-in.o
                0x000000000000ac34                _GenerateRCA
 .text._IsRCAUsable
                0x000000000000ac70       0x3c board/rockchip/common/built-in.o
                0x000000000000ac70                _IsRCAUsable
 .text._Identify_SendCmd
                0x000000000000acac        0x4 board/rockchip/common/built-in.o
                0x000000000000acac                _Identify_SendCmd
 .text._Identify_SendAppCmd
                0x000000000000acb0       0x80 board/rockchip/common/built-in.o
                0x000000000000acb0                _Identify_SendAppCmd
 .text.SDM_Init
                0x000000000000ad30       0x50 board/rockchip/common/built-in.o
                0x000000000000ad30                SDM_Init
 .text.SDM_Open
                0x000000000000ad80       0x58 board/rockchip/common/built-in.o
                0x000000000000ad80                SDM_Open
 .text.SDM_Read
                0x000000000000add8      0x148 board/rockchip/common/built-in.o
                0x000000000000add8                SDM_Read
 .text.SDM_Write
                0x000000000000af20      0x14c board/rockchip/common/built-in.o
                0x000000000000af20                SDM_Write
 .text.SDM_IOCtrl
                0x000000000000b06c      0x4c8 board/rockchip/common/built-in.o
                0x000000000000b06c                SDM_IOCtrl
 .text.SDOAM_Delay
                0x000000000000b534        0x4 board/rockchip/common/built-in.o
                0x000000000000b534                SDOAM_Delay
 .text.SDOAM_SendMsg
                0x000000000000b538        0x4 board/rockchip/common/built-in.o
                0x000000000000b538                SDOAM_SendMsg
 .text.SDOAM_CreateMutex
                0x000000000000b53c       0x3c board/rockchip/common/built-in.o
                0x000000000000b53c                SDOAM_CreateMutex
 .text.SDOAM_RequestMutex
                0x000000000000b578        0x4 board/rockchip/common/built-in.o
                0x000000000000b578                SDOAM_RequestMutex
 .text.SDOAM_ReleaseMutex
                0x000000000000b57c        0x4 board/rockchip/common/built-in.o
                0x000000000000b57c                SDOAM_ReleaseMutex
 .text.SDOAM_CreateEvent
                0x000000000000b580       0x3c board/rockchip/common/built-in.o
                0x000000000000b580                SDOAM_CreateEvent
 .text.SDPAM_FlushCache
                0x000000000000b5bc        0x4 board/rockchip/common/built-in.o
                0x000000000000b5bc                SDPAM_FlushCache
 .text.SDPAM_CleanCache
                0x000000000000b5c0        0x4 board/rockchip/common/built-in.o
                0x000000000000b5c0                SDPAM_CleanCache
 .text.SDPAM_InvalidateCache
                0x000000000000b5c4        0x4 board/rockchip/common/built-in.o
                0x000000000000b5c4                SDPAM_InvalidateCache
 .text.SDPAM_GetAHBFreq
                0x000000000000b5c8        0x4 board/rockchip/common/built-in.o
                0x000000000000b5c8                SDPAM_GetAHBFreq
 .text.SDPAM_SDCClkEnable
                0x000000000000b5cc        0x4 board/rockchip/common/built-in.o
                0x000000000000b5cc                SDPAM_SDCClkEnable
 .text.SDPAM_SDCReset
                0x000000000000b5d0       0x14 board/rockchip/common/built-in.o
                0x000000000000b5d0                SDPAM_SDCReset
 .text.SDPAM_SetMmcClkDiv
                0x000000000000b5e4       0x14 board/rockchip/common/built-in.o
                0x000000000000b5e4                SDPAM_SetMmcClkDiv
 .text.SDPAM_IOMUX_SetSDPort
                0x000000000000b5f8        0x8 board/rockchip/common/built-in.o
                0x000000000000b5f8                SDPAM_IOMUX_SetSDPort
 .text.SDPAM_ControlPower
                0x000000000000b600        0x4 board/rockchip/common/built-in.o
                0x000000000000b600                SDPAM_ControlPower
 .text.rpmb_send_cmd
                0x000000000000b604       0xa8 board/rockchip/common/built-in.o
                0x000000000000b604                rpmb_send_cmd
 .text.mmc_rpmb_request
                0x000000000000b6ac       0xc0 board/rockchip/common/built-in.o
 .text.mmc_rpmb_response
                0x000000000000b76c      0x128 board/rockchip/common/built-in.o
 .text.rpmb_switch_part
                0x000000000000b894       0x8c board/rockchip/common/built-in.o
                0x000000000000b894                rpmb_switch_part
 .text.read_counter
                0x000000000000b920       0x48 board/rockchip/common/built-in.o
                0x000000000000b920                read_counter
 .text.program_key
                0x000000000000b968       0x78 board/rockchip/common/built-in.o
                0x000000000000b968                program_key
 .text.authenticated_read
                0x000000000000b9e0       0x4c board/rockchip/common/built-in.o
                0x000000000000b9e0                authenticated_read
 .text.authenticated_write
                0x000000000000ba2c       0x78 board/rockchip/common/built-in.o
                0x000000000000ba2c                authenticated_write
 .text.init_rpmb
                0x000000000000baa4       0x1c board/rockchip/common/built-in.o
                0x000000000000baa4                init_rpmb
 .text.finish_rpmb
                0x000000000000bac0       0x1c board/rockchip/common/built-in.o
                0x000000000000bac0                finish_rpmb
 .text.do_readcounter
                0x000000000000badc        0xc board/rockchip/common/built-in.o
                0x000000000000badc                do_readcounter
 .text.do_programkey
                0x000000000000bae8        0xc board/rockchip/common/built-in.o
                0x000000000000bae8                do_programkey
 .text.do_authenticatedread
                0x000000000000baf4       0x14 board/rockchip/common/built-in.o
                0x000000000000baf4                do_authenticatedread
 .text.do_authenticatedwrite
                0x000000000000bb08        0xc board/rockchip/common/built-in.o
                0x000000000000bb08                do_authenticatedwrite
 .text.do_returnmmc
                0x000000000000bb14       0x34 board/rockchip/common/built-in.o
                0x000000000000bb14                do_returnmmc
 .text.SdmmcReinit
                0x000000000000bb48       0x90 board/rockchip/common/built-in.o
                0x000000000000bb48                SdmmcReinit
 .text.SdmmcInit
                0x000000000000bbd8      0x158 board/rockchip/common/built-in.o
                0x000000000000bbd8                SdmmcInit
 .text.SdmmcDeInit
                0x000000000000bd30        0x8 board/rockchip/common/built-in.o
                0x000000000000bd30                SdmmcDeInit
 .text.SdmmcBootWritePBA
                0x000000000000bd38       0xc4 board/rockchip/common/built-in.o
                0x000000000000bd38                SdmmcBootWritePBA
 .text.SdmmcBootReadPBA
                0x000000000000bdfc       0xc4 board/rockchip/common/built-in.o
                0x000000000000bdfc                SdmmcBootReadPBA
 .text.SdmmcBootReadLBA
                0x000000000000bec0       0x84 board/rockchip/common/built-in.o
                0x000000000000bec0                SdmmcBootReadLBA
 .text.SdmmcBootWriteLBA
                0x000000000000bf44       0x40 board/rockchip/common/built-in.o
                0x000000000000bf44                SdmmcBootWriteLBA
 .text.SdmmcReadID
                0x000000000000bf84       0x28 board/rockchip/common/built-in.o
                0x000000000000bf84                SdmmcReadID
 .text.SdmmcReadFlashInfo
                0x000000000000bfac       0xa8 board/rockchip/common/built-in.o
                0x000000000000bfac                SdmmcReadFlashInfo
 .text.SdmmcGetCapacity
                0x000000000000c054       0x20 board/rockchip/common/built-in.o
                0x000000000000c054                SdmmcGetCapacity
 .text.SdmmcSysDataLoad
                0x000000000000c074       0x34 board/rockchip/common/built-in.o
                0x000000000000c074                SdmmcSysDataLoad
 .text.SdmmcSysDataStore
                0x000000000000c0a8       0x34 board/rockchip/common/built-in.o
                0x000000000000c0a8                SdmmcSysDataStore
 .text.SdmmcGetFwOffset
                0x000000000000c0dc       0x24 board/rockchip/common/built-in.o
                0x000000000000c0dc                SdmmcGetFwOffset
 .text.SdmmcGetSysOffset
                0x000000000000c100       0x24 board/rockchip/common/built-in.o
                0x000000000000c100                SdmmcGetSysOffset
 .text.SdmmcBootEraseData
                0x000000000000c124       0x3c board/rockchip/common/built-in.o
                0x000000000000c124                SdmmcBootEraseData
 .text.SdmmcBootErase
                0x000000000000c160        0x8 board/rockchip/common/built-in.o
                0x000000000000c160                SdmmcBootErase
 .text.SdmmcCheckIdBlock
                0x000000000000c168        0x4 board/rockchip/common/built-in.o
                0x000000000000c168                SdmmcCheckIdBlock
 .text.SdmmcGetSDCardBootMode
                0x000000000000c16c       0x10 board/rockchip/common/built-in.o
                0x000000000000c16c                SdmmcGetSDCardBootMode
 .text.LMemApiReadId
                0x000000000000c17c       0x24 board/rockchip/common/built-in.o
                0x000000000000c17c                LMemApiReadId
 .text.LMemApiFlashInfo
                0x000000000000c1a0       0x24 board/rockchip/common/built-in.o
                0x000000000000c1a0                LMemApiFlashInfo
 .text.LMemApiErase
                0x000000000000c1c4       0x30 board/rockchip/common/built-in.o
                0x000000000000c1c4                LMemApiErase
 .text.LMemApiReadPba
                0x000000000000c1f4       0x30 board/rockchip/common/built-in.o
                0x000000000000c1f4                LMemApiReadPba
 .text.LMemApiWritePba
                0x000000000000c224       0x30 board/rockchip/common/built-in.o
                0x000000000000c224                LMemApiWritePba
 .text.LMemApiReadLba
                0x000000000000c254       0x38 board/rockchip/common/built-in.o
                0x000000000000c254                LMemApiReadLba
 .text.LMemApiWriteLba
                0x000000000000c28c       0x38 board/rockchip/common/built-in.o
                0x000000000000c28c                LMemApiWriteLba
 .text.FtlDeInit
                0x000000000000c2c4       0x2c board/rockchip/common/built-in.o
                0x000000000000c2c4                FtlDeInit
 .text.FlashDeInit
                0x000000000000c2f0       0x2c board/rockchip/common/built-in.o
                0x000000000000c2f0                FlashDeInit
 .text.LMemApiGetCapacity
                0x000000000000c31c       0x3c board/rockchip/common/built-in.o
                0x000000000000c31c                LMemApiGetCapacity
 .text.LMemApiSysDataLoad
                0x000000000000c358       0x5c board/rockchip/common/built-in.o
                0x000000000000c358                LMemApiSysDataLoad
 .text.LMemApiSysDataStore
                0x000000000000c3b4       0x3c board/rockchip/common/built-in.o
                0x000000000000c3b4                LMemApiSysDataStore
 .text.LMemApiEraseData
                0x000000000000c3f0       0x3c board/rockchip/common/built-in.o
                0x000000000000c3f0                LMemApiEraseData
 .text.lMemApiInit
                0x000000000000c42c       0x5c board/rockchip/common/built-in.o
                0x000000000000c42c                lMemApiInit
 .text.CryptoSHAInit
                0x000000000000c488       0x58 board/rockchip/common/built-in.o
                0x000000000000c488                CryptoSHAInit
 .text.CryptoSHAInputByteSwap
                0x000000000000c4e0       0x20 board/rockchip/common/built-in.o
                0x000000000000c4e0                CryptoSHAInputByteSwap
 .text.CryptoSHAStart
                0x000000000000c500       0x58 board/rockchip/common/built-in.o
                0x000000000000c500                CryptoSHAStart
 .text.CryptoSHAEnd
                0x000000000000c558       0x50 board/rockchip/common/built-in.o
                0x000000000000c558                CryptoSHAEnd
 .text.CryptoRSAStart
                0x000000000000c5a8       0x94 board/rockchip/common/built-in.o
                0x000000000000c5a8                CryptoRSAStart
 .text.CryptoRSAEnd
                0x000000000000c63c       0x3c board/rockchip/common/built-in.o
                0x000000000000c63c                CryptoRSAEnd
 .text.CryptoRSAInit
                0x000000000000c678       0x3c board/rockchip/common/built-in.o
                0x000000000000c678                CryptoRSAInit
 .text.CryptoInit
                0x000000000000c6b4        0xc board/rockchip/common/built-in.o
                0x000000000000c6b4                CryptoInit
 .text.SecureBootCheck
                0x000000000000c6c0       0x5c board/rockchip/common/built-in.o
                0x000000000000c6c0                SecureBootCheck
 .text.SecureBootUnlock
                0x000000000000c71c       0x4c board/rockchip/common/built-in.o
                0x000000000000c71c                SecureBootUnlock
 .text.SecureBootUnlockCheck
                0x000000000000c768       0x10 board/rockchip/common/built-in.o
                0x000000000000c768                SecureBootUnlockCheck
 .text.SecureBootLockLoader
                0x000000000000c778        0x4 board/rockchip/common/built-in.o
                0x000000000000c778                SecureBootLockLoader
 .text.SecureBootSetSysData2Kernel
                0x000000000000c77c       0xd8 board/rockchip/common/built-in.o
                0x000000000000c77c                SecureBootSetSysData2Kernel
 .text.SecureBootImageCheck
                0x000000000000c854        0xc board/rockchip/common/built-in.o
                0x000000000000c854                SecureBootImageCheck
 .text.SecureBootSecureState2Kernel
                0x000000000000c860       0x24 board/rockchip/common/built-in.o
                0x000000000000c860                SecureBootSecureState2Kernel
 .text.SecureRKModeVerifyLoader
                0x000000000000c884       0xbc board/rockchip/common/built-in.o
 .text.SecureNSModeVerifyLoader
                0x000000000000c940       0x7c board/rockchip/common/built-in.o
 .text.SecureNSModeBootImageShaCheck
                0x000000000000c9bc       0xe4 board/rockchip/common/built-in.o
 .text.SecureNSModeSignCheck
                0x000000000000caa0       0x58 board/rockchip/common/built-in.o
 .text.SecureRKModeVerifyBootImage
                0x000000000000caf8      0x1ec board/rockchip/common/built-in.o
 .text.SecureModeVerifyLoader
                0x000000000000cce4       0x1c board/rockchip/common/built-in.o
                0x000000000000cce4                SecureModeVerifyLoader
 .text.SecureModeVerifyUbootImage
                0x000000000000cd00      0x274 board/rockchip/common/built-in.o
                0x000000000000cd00                SecureModeVerifyUbootImage
 .text.SecureModeVerifyBootImage
                0x000000000000cf74      0x134 board/rockchip/common/built-in.o
                0x000000000000cf74                SecureModeVerifyBootImage
 .text.SecureModeBootImageCheck
                0x000000000000d0a8       0xf8 board/rockchip/common/built-in.o
                0x000000000000d0a8                SecureModeBootImageCheck
 .text.SecureModeRSAKeyCheck
                0x000000000000d1a0       0xec board/rockchip/common/built-in.o
                0x000000000000d1a0                SecureModeRSAKeyCheck
 .text.SecureModeLockLoader
                0x000000000000d28c       0x54 board/rockchip/common/built-in.o
                0x000000000000d28c                SecureModeLockLoader
 .text.SecureModeInit
                0x000000000000d2e0      0x2f8 board/rockchip/common/built-in.o
                0x000000000000d2e0                SecureModeInit
 .text.vendor_ops
                0x000000000000d5d8       0xa0 board/rockchip/common/built-in.o
 .text.FW_ReIntForUpdate
                0x000000000000d678       0x3c board/rockchip/common/built-in.o
                0x000000000000d678                FW_ReIntForUpdate
 .text.FW_SorageLowFormatEn
                0x000000000000d6b4       0x10 board/rockchip/common/built-in.o
                0x000000000000d6b4                FW_SorageLowFormatEn
 .text.FW_SorageLowFormat
                0x000000000000d6c4       0x68 board/rockchip/common/built-in.o
                0x000000000000d6c4                FW_SorageLowFormat
 .text.FW_StorageGetValid
                0x000000000000d72c       0x14 board/rockchip/common/built-in.o
                0x000000000000d72c                FW_StorageGetValid
 .text.FW_GetCurEraseBlock
                0x000000000000d740       0x2c board/rockchip/common/built-in.o
                0x000000000000d740                FW_GetCurEraseBlock
 .text.FW_GetTotleBlk
                0x000000000000d76c       0x2c board/rockchip/common/built-in.o
                0x000000000000d76c                FW_GetTotleBlk
 .text.StorageReadPba
                0x000000000000d798       0x44 board/rockchip/common/built-in.o
                0x000000000000d798                StorageReadPba
 .text.StorageWritePba
                0x000000000000d7dc       0x44 board/rockchip/common/built-in.o
                0x000000000000d7dc                StorageWritePba
 .text.StorageReadLba
                0x000000000000d820       0x44 board/rockchip/common/built-in.o
                0x000000000000d820                StorageReadLba
 .text.StorageWriteLba
                0x000000000000d864       0x50 board/rockchip/common/built-in.o
                0x000000000000d864                StorageWriteLba
 .text.StorageEraseData
                0x000000000000d8b4       0x3c board/rockchip/common/built-in.o
                0x000000000000d8b4                StorageEraseData
 .text.StorageGetCapacity
                0x000000000000d8f0       0x30 board/rockchip/common/built-in.o
                0x000000000000d8f0                StorageGetCapacity
 .text.StorageSysDataLoad
                0x000000000000d920       0x50 board/rockchip/common/built-in.o
                0x000000000000d920                StorageSysDataLoad
 .text.StorageSysDataStore
                0x000000000000d970       0x3c board/rockchip/common/built-in.o
                0x000000000000d970                StorageSysDataStore
 .text.StorageUbootSysDataLoad
                0x000000000000d9ac        0x8 board/rockchip/common/built-in.o
                0x000000000000d9ac                StorageUbootSysDataLoad
 .text.StorageUbootSysDataStore
                0x000000000000d9b4        0x8 board/rockchip/common/built-in.o
                0x000000000000d9b4                StorageUbootSysDataStore
 .text.StorageVendorSysDataLoad
                0x000000000000d9bc       0x4c board/rockchip/common/built-in.o
                0x000000000000d9bc                StorageVendorSysDataLoad
 .text.StorageVendorSysDataStore
                0x000000000000da08       0x48 board/rockchip/common/built-in.o
                0x000000000000da08                StorageVendorSysDataStore
 .text.StorageReadFlashInfo
                0x000000000000da50       0x30 board/rockchip/common/built-in.o
                0x000000000000da50                StorageReadFlashInfo
 .text.StorageEraseBlock
                0x000000000000da80       0x5c board/rockchip/common/built-in.o
                0x000000000000da80                StorageEraseBlock
 .text.StorageGetBootMedia
                0x000000000000dadc       0x14 board/rockchip/common/built-in.o
                0x000000000000dadc                StorageGetBootMedia
 .text.StorageGetSDFwOffset
                0x000000000000daf0       0x28 board/rockchip/common/built-in.o
                0x000000000000daf0                StorageGetSDFwOffset
 .text.StorageGetSDSysOffset
                0x000000000000db18       0x28 board/rockchip/common/built-in.o
                0x000000000000db18                StorageGetSDSysOffset
 .text.StorageReadId
                0x000000000000db40       0x38 board/rockchip/common/built-in.o
                0x000000000000db40                StorageReadId
 .text.StorageSDCardUpdateMode
                0x000000000000db78       0x38 board/rockchip/common/built-in.o
                0x000000000000db78                StorageSDCardUpdateMode
 .text.vendor_storage_init
                0x000000000000dbb0      0x138 board/rockchip/common/built-in.o
                0x000000000000dbb0                vendor_storage_init
 .text.StorageInit
                0x000000000000dce8       0x88 board/rockchip/common/built-in.o
                0x000000000000dce8                StorageInit
 .text.vendor_storage_read
                0x000000000000dd70       0x74 board/rockchip/common/built-in.o
                0x000000000000dd70                vendor_storage_read
 .text.vendor_storage_write
                0x000000000000dde4      0x158 board/rockchip/common/built-in.o
                0x000000000000dde4                vendor_storage_write
 .text.board_lmb_reserve
                0x000000000000df3c       0x44 board/rockchip/rk32xx/built-in.o
                0x000000000000df3c                board_lmb_reserve
 .text.board_storage_init
                0x000000000000df80       0x38 board/rockchip/rk32xx/built-in.o
                0x000000000000df80                board_storage_init
 .text.board_init
                0x000000000000dfb8       0x20 board/rockchip/rk32xx/built-in.o
                0x000000000000dfb8                board_init
 .text.checkboard
                0x000000000000dfd8       0x24 board/rockchip/rk32xx/built-in.o
                0x000000000000dfd8                checkboard
 .text.arch_early_init_r
                0x000000000000dffc       0x14 board/rockchip/rk32xx/built-in.o
                0x000000000000dffc                arch_early_init_r
 .text.board_late_init
                0x000000000000e010      0x164 board/rockchip/rk32xx/built-in.o
                0x000000000000e010                board_late_init
 .text.board_modify_fdt
                0x000000000000e174       0x70 board/rockchip/rk32xx/built-in.o
                0x000000000000e174                board_modify_fdt
 .text.ft_board_setup
                0x000000000000e1e4       0x50 board/rockchip/rk32xx/built-in.o
                0x000000000000e1e4                ft_board_setup
 .text.show_boot_progress
                0x000000000000e234        0x4 common/built-in.o
                0x000000000000e234                show_boot_progress
 .text.main_loop
                0x000000000000e238       0x40 common/built-in.o
                0x000000000000e238                main_loop
 .text.find_cmd_tbl
                0x000000000000e278       0xa4 common/built-in.o
                0x000000000000e278                find_cmd_tbl
 .text.find_cmd
                0x000000000000e31c       0x28 common/built-in.o
                0x000000000000e31c                find_cmd
 .text.cmd_usage
                0x000000000000e344       0x5c common/built-in.o
                0x000000000000e344                cmd_usage
 .text._do_help
                0x000000000000e3a0      0x184 common/built-in.o
                0x000000000000e3a0                _do_help
 .text.cmd_process
                0x000000000000e524       0xbc common/built-in.o
                0x000000000000e524                cmd_process
 .text.dummy    0x000000000000e5e0        0x4 common/built-in.o
 .text.get_version
                0x000000000000e5e4        0x8 common/built-in.o
                0x000000000000e5e4                get_version
 .text.jumptable_init
                0x000000000000e5ec      0x190 common/built-in.o
                0x000000000000e5ec                jumptable_init
 .text.b_reset  0x000000000000e77c       0x1c common/built-in.o
 .text.static_get
                0x000000000000e798       0x1c common/built-in.o
 .text.static_peek
                0x000000000000e7b4        0xc common/built-in.o
 .text.file_peek
                0x000000000000e7c0        0xc common/built-in.o
 .text.mapset   0x000000000000e7cc       0x20 common/built-in.o
 .text.syntax_err
                0x000000000000e7ec        0xc common/built-in.o
 .text.free_pipe_list
                0x000000000000e7f8       0xf0 common/built-in.o
 .text.xmalloc  0x000000000000e8e8       0x20 common/built-in.o
 .text.new_pipe
                0x000000000000e908       0x28 common/built-in.o
 .text.xrealloc
                0x000000000000e930       0x20 common/built-in.o
 .text.done_command
                0x000000000000e950       0x8c common/built-in.o
 .text.done_pipe
                0x000000000000e9dc       0x48 common/built-in.o
 .text.done_word
                0x000000000000ea24      0x2d8 common/built-in.o
 .text.do_showvar
                0x000000000000ecfc       0xf0 common/built-in.o
 .text.is_assignment
                0x000000000000edec       0x54 common/built-in.o
 .text.file_get
                0x000000000000ee40      0x1d0 common/built-in.o
 .text.b_addchr
                0x000000000000f010       0x80 common/built-in.o
 .text.b_addqchr
                0x000000000000f090       0x50 common/built-in.o
 .text.get_local_var
                0x000000000000f0e0       0x94 common/built-in.o
                0x000000000000f0e0                get_local_var
 .text.set_local_var
                0x000000000000f174      0x1a8 common/built-in.o
                0x000000000000f174                set_local_var
 .text.insert_var_value_sub
                0x000000000000f31c      0x2a8 common/built-in.o
 .text.parse_string_outer
                0x000000000000f5c4       0xe4 common/built-in.o
                0x000000000000f5c4                parse_string_outer
 .text.run_list_real
                0x000000000000f6a8      0x7e4 common/built-in.o
 .text.parse_stream_outer
                0x000000000000fe8c      0x6c4 common/built-in.o
 .text.parse_file_outer
                0x0000000000010550       0x44 common/built-in.o
                0x0000000000010550                parse_file_outer
 .text.u_boot_hush_start
                0x0000000000010594       0x54 common/built-in.o
                0x0000000000010594                u_boot_hush_start
 .text.run_command
                0x00000000000105e8        0x8 common/built-in.o
                0x00000000000105e8                run_command
 .text.run_command_list
                0x00000000000105f0       0x5c common/built-in.o
                0x00000000000105f0                run_command_list
 .text.cli_loop
                0x000000000001064c        0xc common/built-in.o
                0x000000000001064c                cli_loop
 .text.cli_init
                0x0000000000010658        0x4 common/built-in.o
                0x0000000000010658                cli_init
 .text.delete_char.part.0
                0x000000000001065c       0xd0 common/built-in.o
 .text.cli_readline_into_buffer
                0x000000000001072c      0x1f0 common/built-in.o
                0x000000000001072c                cli_readline_into_buffer
 .text.cli_readline
                0x000000000001091c       0x14 common/built-in.o
                0x000000000001091c                cli_readline
 .text.bootdelay_process
                0x0000000000010930       0x48 common/built-in.o
                0x0000000000010930                bootdelay_process
 .text.autoboot_command
                0x0000000000010978       0xd8 common/built-in.o
                0x0000000000010978                autoboot_command
 .text.display_text_info
                0x0000000000010a50        0x8 common/built-in.o
 .text.setup_mon_len
                0x0000000000010a58       0x20 common/built-in.o
 .text.setup_fdt
                0x0000000000010a78        0x8 common/built-in.o
 .text.reserve_round_4k
                0x0000000000010a80       0x18 common/built-in.o
 .text.reserve_mmu
                0x0000000000010a98       0x38 common/built-in.o
 .text.reserve_lcd
                0x0000000000010ad0       0x14 common/built-in.o
 .text.reserve_trace
                0x0000000000010ae4        0x8 common/built-in.o
 .text.reserve_global_buffers
                0x0000000000010aec       0x4c common/built-in.o
 .text.reserve_uboot
                0x0000000000010b38       0x30 common/built-in.o
 .text.reserve_malloc
                0x0000000000010b68       0x18 common/built-in.o
 .text.setup_machine
                0x0000000000010b80        0x8 common/built-in.o
 .text.reserve_global_data
                0x0000000000010b88       0x1c common/built-in.o
 .text.reserve_fdt
                0x0000000000010ba4       0x4c common/built-in.o
 .text.display_new_sp
                0x0000000000010bf0        0x8 common/built-in.o
 .text.initf_malloc
                0x0000000000010bf8        0x8 common/built-in.o
 .text.initf_dm
                0x0000000000010c00        0x8 common/built-in.o
 .text.setup_reloc
                0x0000000000010c08       0x24 common/built-in.o
 .text.reloc_fdt
                0x0000000000010c2c       0x30 common/built-in.o
 .text.announce_dram_init
                0x0000000000010c5c       0x18 common/built-in.o
 .text.init_baud_rate
                0x0000000000010c74       0x2c common/built-in.o
 .text.mark_bootstage
                0x0000000000010ca0       0x14 common/built-in.o
 .text.reserve_board
                0x0000000000010cb4       0x38 common/built-in.o
 .text.coloured_LED_init
                0x0000000000010cec        0x4 common/built-in.o
                0x0000000000010cec                coloured_LED_init
 .text.red_led_on
                0x0000000000010cf0        0x4 common/built-in.o
                0x0000000000010cf0                red_led_on
 .text.board_add_ram_info
                0x0000000000010cf4        0x4 common/built-in.o
                0x0000000000010cf4                board_add_ram_info
 .text.show_dram_config
                0x0000000000010cf8       0x34 common/built-in.o
 .text.setup_dram_config
                0x0000000000010d2c       0x10 common/built-in.o
 .text.board_get_usable_ram_top
                0x0000000000010d3c        0x8 common/built-in.o
                0x0000000000010d3c                board_get_usable_ram_top
 .text.setup_dest_addr
                0x0000000000010d44       0x40 common/built-in.o
 .text.reserve_stacks
                0x0000000000010d84       0x1c common/built-in.o
 .text.board_init_f
                0x0000000000010da0       0x28 common/built-in.o
                0x0000000000010da0                board_init_f
 .text.bootstage_relocate
                0x0000000000010dc8        0x8 common/built-in.o
 .text.initr_trace
                0x0000000000010dd0        0x8 common/built-in.o
 .text.initr_reloc_global_data
                0x0000000000010dd8       0x28 common/built-in.o
 .text.initr_barrier
                0x0000000000010e00        0x8 common/built-in.o
 .text.power_init_board
                0x0000000000010e08        0x8 common/built-in.o
                0x0000000000010e08                power_init_board
 .text.initr_announce
                0x0000000000010e10        0x8 common/built-in.o
 .text.run_main_loop
                0x0000000000010e18        0xc common/built-in.o
 .text.initr_enable_interrupts
                0x0000000000010e24       0x10 common/built-in.o
 .text.initr_jumptable
                0x0000000000010e34       0x10 common/built-in.o
 .text.initr_env
                0x0000000000010e44       0x30 common/built-in.o
 .text.initr_rk_storage
                0x0000000000010e74       0x10 common/built-in.o
 .text.initr_serial
                0x0000000000010e84       0x10 common/built-in.o
 .text.initr_malloc
                0x0000000000010e94       0x24 common/built-in.o
 .text.initr_caches
                0x0000000000010eb8       0x10 common/built-in.o
 .text.initr_reloc
                0x0000000000010ec8       0x20 common/built-in.o
 .text.cpu_secondary_init_r
                0x0000000000010ee8        0x4 common/built-in.o
                0x0000000000010ee8                cpu_secondary_init_r
 .text.initr_secondary_cpu
                0x0000000000010eec       0x10 common/built-in.o
 .text.board_init_r
                0x0000000000010efc       0x14 common/built-in.o
                0x0000000000010efc                board_init_r
 .text.show_board_info
                0x0000000000010f10        0x4 common/built-in.o
                0x0000000000010f10                show_board_info
 .text.do_go_exec
                0x0000000000010f14       0x18 common/built-in.o
                0x0000000000010f14                do_go_exec
 .text.do_go    0x0000000000010f2c       0x70 common/built-in.o
                0x0000000000010f2c                do_go
 .text.do_bootm
                0x0000000000010f9c      0x100 common/built-in.o
                0x0000000000010f9c                do_bootm
 .text.bootm_find_ramdisk_fdt
                0x000000000001109c       0xa8 common/built-in.o
                0x000000000001109c                bootm_find_ramdisk_fdt
 .text.do_bootm_states
                0x0000000000011144      0x6ec common/built-in.o
                0x0000000000011144                do_bootm_states
 .text.do_bootm_standalone
                0x0000000000011830       0x64 common/built-in.o
 .text.arch_preboot_os
                0x0000000000011894        0x4 common/built-in.o
                0x0000000000011894                arch_preboot_os
 .text.boot_selected_os
                0x0000000000011898       0x5c common/built-in.o
                0x0000000000011898                boot_selected_os
 .text.bootm_os_get_boot_func
                0x00000000000118f4       0x10 common/built-in.o
                0x00000000000118f4                bootm_os_get_boot_func
 .text.do_help  0x0000000000011904       0x48 common/built-in.o
 .text.do_version
                0x000000000001194c       0x38 common/built-in.o
 .text.env_attr_walk
                0x0000000000011984      0x110 common/built-in.o
                0x0000000000011984                env_attr_walk
 .text.env_attr_lookup
                0x0000000000011a94      0x184 common/built-in.o
                0x0000000000011a94                env_attr_lookup
 .text.clear_callback
                0x0000000000011c18       0x10 common/built-in.o
 .text.find_env_callback
                0x0000000000011c28       0x64 common/built-in.o
 .text.on_callbacks
                0x0000000000011c8c       0x48 common/built-in.o
 .text.set_callback
                0x0000000000011cd4       0x94 common/built-in.o
 .text.env_callback_init
                0x0000000000011d68       0xc4 common/built-in.o
                0x0000000000011d68                env_callback_init
 .text.clear_flags
                0x0000000000011e2c       0x10 common/built-in.o
 .text.on_flags
                0x0000000000011e3c       0x48 common/built-in.o
 .text.env_flags_parse_vartype
                0x0000000000011e84       0x50 common/built-in.o
                0x0000000000011e84                env_flags_parse_vartype
 .text.env_flags_parse_varaccess
                0x0000000000011ed4       0x58 common/built-in.o
                0x0000000000011ed4                env_flags_parse_varaccess
 .text.set_flags
                0x0000000000011f2c       0xac common/built-in.o
 .text.env_flags_init
                0x0000000000011fd8       0xd8 common/built-in.o
                0x0000000000011fd8                env_flags_init
 .text.env_flags_validate
                0x00000000000120b0      0x224 common/built-in.o
                0x00000000000120b0                env_flags_validate
 .text.env_init
                0x00000000000122d4       0x1c common/built-in.o
                0x00000000000122d4                env_init
 .text.saveenv  0x00000000000122f0       0xf0 common/built-in.o
                0x00000000000122f0                saveenv
 .text.env_relocate_spec
                0x00000000000123e0       0xc0 common/built-in.o
                0x00000000000123e0                env_relocate_spec
 .text.do_bmp   0x00000000000124a0       0x54 common/built-in.o
 .text.do_bmp_info
                0x00000000000124f4       0xfc common/built-in.o
 .text.bmp_display
                0x00000000000125f0       0x38 common/built-in.o
                0x00000000000125f0                bmp_display
 .text.do_bmp_display
                0x0000000000012628       0xa4 common/built-in.o
 .text.do_exit  0x00000000000126cc       0x30 common/built-in.o
 .text.fdt_valid
                0x00000000000126fc       0xbc common/built-in.o
 .text.is_printable_string
                0x00000000000127b8       0x88 common/built-in.o
 .text.print_data
                0x0000000000012840      0x170 common/built-in.o
 .text.set_working_fdt_addr
                0x00000000000129b0       0x1c common/built-in.o
                0x00000000000129b0                set_working_fdt_addr
 .text.do_fdt   0x00000000000129cc      0xeac common/built-in.o
 .text.get_cells_len
                0x0000000000013878       0x3c common/built-in.o
 .text.fdt_pack_reg
                0x00000000000138b4       0xac common/built-in.o
 .text.fdt_find_or_add_subnode.constprop.6
                0x0000000000013960       0x6c common/built-in.o
 .text.fdt_getprop_u32_default_node
                0x00000000000139cc       0x44 common/built-in.o
                0x00000000000139cc                fdt_getprop_u32_default_node
 .text.fdt_find_and_setprop
                0x0000000000013a10       0x70 common/built-in.o
                0x0000000000013a10                fdt_find_and_setprop
 .text.fdt_initrd
                0x0000000000013a80      0x1cc common/built-in.o
                0x0000000000013a80                fdt_initrd
 .text.fdt_chosen
                0x0000000000013c4c      0x124 common/built-in.o
                0x0000000000013c4c                fdt_chosen
 .text.do_fixup_by_path
                0x0000000000013d70       0x54 common/built-in.o
                0x0000000000013d70                do_fixup_by_path
 .text.do_fixup_by_path_u32
                0x0000000000013dc4       0x2c common/built-in.o
                0x0000000000013dc4                do_fixup_by_path_u32
 .text.fdt_fixup_memory_banks
                0x0000000000013df0      0x140 common/built-in.o
                0x0000000000013df0                fdt_fixup_memory_banks
 .text.fdt_fixup_memory
                0x0000000000013f30       0x24 common/built-in.o
                0x0000000000013f30                fdt_fixup_memory
 .text.fdt_update_reserved_memory
                0x0000000000013f54       0x8c common/built-in.o
                0x0000000000013f54                fdt_update_reserved_memory
 .text.fdt_fixup_ethernet
                0x0000000000013fe0      0x158 common/built-in.o
                0x0000000000013fe0                fdt_fixup_ethernet
 .text.fdt_shrink_to_minimum
                0x0000000000014138       0xd0 common/built-in.o
                0x0000000000014138                fdt_shrink_to_minimum
 .text.fdt_alloc_phandle
                0x0000000000014208       0x58 common/built-in.o
                0x0000000000014208                fdt_alloc_phandle
 .text.fdt_set_phandle
                0x0000000000014260       0x60 common/built-in.o
                0x0000000000014260                fdt_set_phandle
 .text.getvar_version
                0x00000000000142c0        0xc common/built-in.o
 .text.getvar_version_baseband
                0x00000000000142cc        0xc common/built-in.o
 .text.getvar_version_bootloader
                0x00000000000142d8        0xc common/built-in.o
 .text.getvar_unlocked
                0x00000000000142e4       0x34 common/built-in.o
 .text.getvar_secure
                0x0000000000014318       0x34 common/built-in.o
 .text.getvar_product
                0x000000000001434c        0xc common/built-in.o
 .text.getvar_serialno
                0x0000000000014358       0x10 common/built-in.o
 .text.fbt_set_unlocked
                0x0000000000014368       0x48 common/built-in.o
 .text.str2wide
                0x00000000000143b0       0x78 common/built-in.o
 .text.getvar_checksum
                0x0000000000014428      0x138 common/built-in.o
 .text.getvar_partition_offset
                0x0000000000014560       0x64 common/built-in.o
 .text.getvar_partition_size
                0x00000000000145c4       0x64 common/built-in.o
 .text.getvar_partition_type
                0x0000000000014628       0x70 common/built-in.o
 .text.fbt_handle_erase
                0x0000000000014698       0xa0 common/built-in.o
 .text.fbt_handle_response
                0x0000000000014738      0x124 common/built-in.o
 .text.fbt_handle_reboot
                0x000000000001485c       0xc0 common/built-in.o
 .text.fbt_send_raw_info
                0x000000000001491c       0xdc common/built-in.o
 .text.do_fastboot
                0x00000000000149f8      0xeb0 common/built-in.o
 .text.fbt_receive_firstcmd
                0x00000000000158a8       0x34 common/built-in.o
                0x00000000000158a8                fbt_receive_firstcmd
 .text.fbt_event_handler
                0x00000000000158dc      0x108 common/built-in.o
 .text.fbt_fastboot_init
                0x00000000000159e4      0x15c common/built-in.o
                0x00000000000159e4                fbt_fastboot_init
 .text.do_bootrk
                0x0000000000015b40      0xa1c common/built-in.o
                0x0000000000015b40                do_bootrk
 .text.rkusb_send_csw
                0x000000000001655c       0xc4 common/built-in.o
 .text.rkusb_receive_firstcbw
                0x0000000000016620       0x40 common/built-in.o
                0x0000000000016620                rkusb_receive_firstcbw
 .text.rkusb_event_handler
                0x0000000000016660      0x138 common/built-in.o
 .text.do_rockusb_cmd
                0x0000000000016798      0x520 common/built-in.o
                0x0000000000016798                do_rockusb_cmd
 .text.rkusb_handle_datarx
                0x0000000000016cb8      0x264 common/built-in.o
                0x0000000000016cb8                rkusb_handle_datarx
 .text.rkusb_handle_datatx
                0x0000000000016f1c      0x2f4 common/built-in.o
                0x0000000000016f1c                rkusb_handle_datatx
 .text.do_rockusb
                0x0000000000017210      0x564 common/built-in.o
                0x0000000000017210                do_rockusb
 .text.get_entry_ram
                0x0000000000017774      0x154 common/built-in.o
 .text.get_content_ram
                0x00000000000178c8       0x8c common/built-in.o
                0x00000000000178c8                get_content_ram
 .text.get_content
                0x0000000000017954      0x2ac common/built-in.o
                0x0000000000017954                get_content
 .text.free_content
                0x0000000000017c00       0x30 common/built-in.o
                0x0000000000017c00                free_content
 .text.load_content_data
                0x0000000000017c30       0x2c common/built-in.o
                0x0000000000017c30                load_content_data
 .text.load_content
                0x0000000000017c5c       0x80 common/built-in.o
                0x0000000000017c5c                load_content
 .text.get_bmp_header
                0x0000000000017cdc       0xbc common/built-in.o
                0x0000000000017cdc                get_bmp_header
 .text.load_bmp_content
                0x0000000000017d98       0xb8 common/built-in.o
                0x0000000000017d98                load_bmp_content
 .text._show_resource_image
                0x0000000000017e50      0x144 common/built-in.o
                0x0000000000017e50                _show_resource_image
 .text.show_resource_image
                0x0000000000017f94       0x1c common/built-in.o
                0x0000000000017f94                show_resource_image
 .text.snip     0x0000000000017fb0       0x64 common/built-in.o
 .text.edid_check_info
                0x0000000000018014       0x54 common/built-in.o
                0x0000000000018014                edid_check_info
 .text.edid_get_drm_mode
                0x0000000000018068      0x1cc common/built-in.o
                0x0000000000018068                edid_get_drm_mode
 .text.edid_print_info
                0x0000000000018234      0x62c common/built-in.o
                0x0000000000018234                edid_print_info
 .text.lcd_get_size
                0x0000000000018860       0x34 common/built-in.o
                0x0000000000018860                lcd_get_size
 .text.lcd_sync
                0x0000000000018894       0x40 common/built-in.o
                0x0000000000018894                lcd_sync
 .text.lcd_get_buffer
                0x00000000000188d4       0x3c common/built-in.o
                0x00000000000188d4                lcd_get_buffer
 .text.lcd_enable_logo
                0x0000000000018910       0x10 common/built-in.o
                0x0000000000018910                lcd_enable_logo
 .text.rk_bitmap_from_resource
                0x0000000000018920       0x20 common/built-in.o
                0x0000000000018920                rk_bitmap_from_resource
 .text.bitmap_plot
                0x0000000000018940      0x13c common/built-in.o
                0x0000000000018940                bitmap_plot
 .text.lcd_clear
                0x0000000000018a7c       0xac common/built-in.o
                0x0000000000018a7c                lcd_clear
 .text.drv_lcd_init
                0x0000000000018b28       0xa4 common/built-in.o
                0x0000000000018b28                drv_lcd_init
 .text.do_lcd_clear
                0x0000000000018bcc       0x10 common/built-in.o
 .text.lcd_display_bitmap
                0x0000000000018bdc      0x7c8 common/built-in.o
                0x0000000000018bdc                lcd_display_bitmap
 .text.lcd_display_bitmap_center
                0x00000000000193a4       0x98 common/built-in.o
                0x00000000000193a4                lcd_display_bitmap_center
 .text.do_env_delete
                0x000000000001943c       0xa4 common/built-in.o
 .text.do_env_save
                0x00000000000194e0       0x2c common/built-in.o
                0x00000000000194e0                do_env_save
 .text.do_env   0x000000000001950c       0x5c common/built-in.o
 .text.env_print
                0x0000000000019568       0xc0 common/built-in.o
 .text.do_env_print
                0x0000000000019628       0xc4 common/built-in.o
 .text.do_env_import
                0x00000000000196ec      0x280 common/built-in.o
 .text.do_env_default
                0x000000000001996c       0xb8 common/built-in.o
 .text._do_env_set.isra.1
                0x0000000000019a24      0x1c4 common/built-in.o
 .text.do_env_set
                0x0000000000019be8       0x1c common/built-in.o
 .text.setenv   0x0000000000019c04       0x58 common/built-in.o
                0x0000000000019c04                setenv
 .text.setenv_ulong
                0x0000000000019c5c       0x20 common/built-in.o
                0x0000000000019c5c                setenv_ulong
 .text.setenv_hex
                0x0000000000019c7c       0x34 common/built-in.o
                0x0000000000019c7c                setenv_hex
 .text.do_env_export
                0x0000000000019cb0      0x270 common/built-in.o
 .text.envmatch
                0x0000000000019f20       0x70 common/built-in.o
                0x0000000000019f20                envmatch
 .text.getenv_f
                0x0000000000019f90       0xc4 common/built-in.o
                0x0000000000019f90                getenv_f
 .text.getenv   0x000000000001a054       0x78 common/built-in.o
                0x000000000001a054                getenv
 .text.getenv_hex
                0x000000000001a0cc       0x3c common/built-in.o
                0x000000000001a0cc                getenv_hex
 .text.getenv_ulong
                0x000000000001a108       0x30 common/built-in.o
                0x000000000001a108                getenv_ulong
 .text.env_get_char_spec
                0x000000000001a138        0xc common/built-in.o
                0x000000000001a138                env_get_char_spec
 .text.env_get_addr
                0x000000000001a144       0x20 common/built-in.o
                0x000000000001a144                env_get_addr
 .text.env_get_char_memory
                0x000000000001a164       0x10 common/built-in.o
                0x000000000001a164                env_get_char_memory
 .text.env_get_char
                0x000000000001a174       0x30 common/built-in.o
                0x000000000001a174                env_get_char
 .text.getenv_yesno
                0x000000000001a1a4       0x48 common/built-in.o
                0x000000000001a1a4                getenv_yesno
 .text.getenv_default
                0x000000000001a1ec       0x30 common/built-in.o
                0x000000000001a1ec                getenv_default
 .text.set_default_env
                0x000000000001a21c       0xc0 common/built-in.o
                0x000000000001a21c                set_default_env
 .text.set_default_vars
                0x000000000001a2dc       0x3c common/built-in.o
                0x000000000001a2dc                set_default_vars
 .text.env_relocate
                0x000000000001a318       0x30 common/built-in.o
                0x000000000001a318                env_relocate
 .text.console_setfile
                0x000000000001a348       0xbc common/built-in.o
 .text.serial_printf
                0x000000000001a404       0x50 common/built-in.o
                0x000000000001a404                serial_printf
 .text.puts     0x000000000001a454       0x40 common/built-in.o
                0x000000000001a454                puts
 .text.printf   0x000000000001a494       0x5c common/built-in.o
                0x000000000001a494                printf
 .text.fgetc    0x000000000001a4f0       0x2c common/built-in.o
                0x000000000001a4f0                fgetc
 .text.getc     0x000000000001a51c       0x24 common/built-in.o
                0x000000000001a51c                getc
 .text.ftstc    0x000000000001a540       0x2c common/built-in.o
                0x000000000001a540                ftstc
 .text.tstc     0x000000000001a56c       0x24 common/built-in.o
                0x000000000001a56c                tstc
 .text.fputc    0x000000000001a590       0x24 common/built-in.o
                0x000000000001a590                fputc
 .text.putc     0x000000000001a5b4       0x28 common/built-in.o
                0x000000000001a5b4                putc
 .text.vprintf  0x000000000001a5dc       0x34 common/built-in.o
                0x000000000001a5dc                vprintf
 .text.ctrlc    0x000000000001a610       0x58 common/built-in.o
                0x000000000001a610                ctrlc
 .text.had_ctrlc
                0x000000000001a668       0x10 common/built-in.o
                0x000000000001a668                had_ctrlc
 .text.clear_ctrlc
                0x000000000001a678       0x14 common/built-in.o
                0x000000000001a678                clear_ctrlc
 .text.search_device
                0x000000000001a68c       0x30 common/built-in.o
                0x000000000001a68c                search_device
 .text.console_assign
                0x000000000001a6bc       0x44 common/built-in.o
                0x000000000001a6bc                console_assign
 .text.on_console
                0x000000000001a700       0xb8 common/built-in.o
 .text.console_init_f
                0x000000000001a7b8       0x10 common/built-in.o
                0x000000000001a7b8                console_init_f
 .text.console_init_r
                0x000000000001a7c8      0x150 common/built-in.o
                0x000000000001a7c8                console_init_r
 .text.sbrk     0x000000000001a918       0x70 common/built-in.o
                0x000000000001a918                sbrk
 .text.mem_malloc_init
                0x000000000001a988       0x2c common/built-in.o
                0x000000000001a988                mem_malloc_init
 .text.malloc_trim
                0x000000000001a9b4       0xcc common/built-in.o
                0x000000000001a9b4                malloc_trim
 .text.free     0x000000000001aa80      0x230 common/built-in.o
                0x000000000001aa80                free
 .text.malloc   0x000000000001acb0      0x5dc common/built-in.o
                0x000000000001acb0                malloc
 .text.calloc   0x000000000001b28c       0xa8 common/built-in.o
                0x000000000001b28c                calloc
 .text.realloc  0x000000000001b334      0x4c0 common/built-in.o
                0x000000000001b334                realloc
 .text.memalign
                0x000000000001b7f4      0x10c common/built-in.o
                0x000000000001b7f4                memalign
 .text.on_loadaddr
                0x000000000001b900       0x38 common/built-in.o
 .text.image_check_hcrc
                0x000000000001b938       0x4c common/built-in.o
                0x000000000001b938                image_check_hcrc
 .text.image_check_dcrc
                0x000000000001b984       0x38 common/built-in.o
                0x000000000001b984                image_check_dcrc
 .text.image_multi_count
                0x000000000001b9bc       0x1c common/built-in.o
                0x000000000001b9bc                image_multi_count
 .text.image_multi_getimg
                0x000000000001b9d8       0x84 common/built-in.o
                0x000000000001b9d8                image_multi_getimg
 .text.getenv_bootm_low
                0x000000000001ba5c       0x28 common/built-in.o
                0x000000000001ba5c                getenv_bootm_low
 .text.getenv_bootm_size
                0x000000000001ba84       0x5c common/built-in.o
                0x000000000001ba84                getenv_bootm_size
 .text.getenv_bootm_mapsize
                0x000000000001bae0       0x30 common/built-in.o
                0x000000000001bae0                getenv_bootm_mapsize
 .text.memmove_wd
                0x000000000001bb10        0xc common/built-in.o
                0x000000000001bb10                memmove_wd
 .text.genimg_print_size
                0x000000000001bb1c       0x30 common/built-in.o
                0x000000000001bb1c                genimg_print_size
 .text.get_table_entry_name
                0x000000000001bb4c       0x2c common/built-in.o
                0x000000000001bb4c                get_table_entry_name
 .text.genimg_get_os_name
                0x000000000001bb78       0x18 common/built-in.o
                0x000000000001bb78                genimg_get_os_name
 .text.genimg_get_arch_name
                0x000000000001bb90       0x18 common/built-in.o
                0x000000000001bb90                genimg_get_arch_name
 .text.genimg_get_type_name
                0x000000000001bba8       0x18 common/built-in.o
                0x000000000001bba8                genimg_get_type_name
 .text.genimg_get_comp_name
                0x000000000001bbc0       0x18 common/built-in.o
                0x000000000001bbc0                genimg_get_comp_name
 .text.image_print_contents
                0x000000000001bbd8      0x16c common/built-in.o
                0x000000000001bbd8                image_print_contents
 .text.genimg_get_kernel_addr_fit
                0x000000000001bd44       0x24 common/built-in.o
                0x000000000001bd44                genimg_get_kernel_addr_fit
 .text.genimg_get_format
                0x000000000001bd68       0x38 common/built-in.o
                0x000000000001bd68                genimg_get_format
 .text.genimg_get_image
                0x000000000001bda0        0x4 common/built-in.o
                0x000000000001bda0                genimg_get_image
 .text.genimg_has_config
                0x000000000001bda4        0x8 common/built-in.o
                0x000000000001bda4                genimg_has_config
 .text.boot_get_ramdisk
                0x000000000001bdac      0x23c common/built-in.o
                0x000000000001bdac                boot_get_ramdisk
 .text.boot_ramdisk_high
                0x000000000001bfe8      0x128 common/built-in.o
                0x000000000001bfe8                boot_ramdisk_high
 .text.image_setup_linux
                0x000000000001c110       0x8c common/built-in.o
                0x000000000001c110                image_setup_linux
 .text.fdt_error
                0x000000000001c19c       0x2c common/built-in.o
 .text.boot_fdt_add_mem_rsv_regions
                0x000000000001c1c8       0x88 common/built-in.o
                0x000000000001c1c8                boot_fdt_add_mem_rsv_regions
 .text.boot_relocate_fdt
                0x000000000001c250      0x194 common/built-in.o
                0x000000000001c250                boot_relocate_fdt
 .text.boot_get_fdt
                0x000000000001c3e4      0x270 common/built-in.o
                0x000000000001c3e4                boot_get_fdt
 .text.ft_verify_fdt
                0x000000000001c654        0x8 common/built-in.o
                0x000000000001c654                ft_verify_fdt