dwc_otg_udc.c:163:13:WriteEndpoint0	24	static
dwc_otg_udc.c:319:13:ControlInPacket	16	static
dwc_otg_udc.c:201:13:WriteBulkEndpoint	16	static
dwc_otg_udc.c:899:13:dwc_otg_write_data	16	static
dwc_otg_udc.c:182:13:ReadBulkEndpoint	16	static
dwc_otg_udc.c:147:13:ReadEndpoint0	8	static
dwc_otg_udc.c:614:13:dwc_otg_epn_in_ack	8	static
dwc_otg_udc.c:267:13:udc_state_transition	8	static
dwc_otg_udc.c:1037:13:0	8	static
dwc_otg_udc.c:891:13:2	0	static
dwc_otg_udc.c:336:9:UsbConnectStatus	0	static
dwc_otg_udc.c:342:6:UdcInit	0	static
dwc_otg_udc.c:430:6:HaltBulkEndpoint	16	static
dwc_otg_udc.c:583:6:clear_feature	0	static
dwc_otg_udc.c:1220:6:udc_irq	56	static
dwc_otg_udc.c:622:6:suspend_usb	0	static
dwc_otg_udc.c:627:6:resume_usb	0	static
dwc_otg_udc.c:646:6:udc_set_nak	0	static
dwc_otg_udc.c:651:6:udc_unset_nak	0	static
dwc_otg_udc.c:923:5:udc_endpoint_write	8	static
dwc_otg_udc.c:1020:5:udc_init	8	static
dwc_otg_udc.c:1030:5:is_usbd_high_speed	0	static
dwc_otg_udc.c:1108:10:GetVbus	8	static
dwc_otg_udc.c:1125:6:udc_connect	8	static
dwc_otg_udc.c:1160:6:udc_disconnect	0	static
dwc_otg_udc.c:1169:6:udc_enable	16	static
dwc_otg_udc.c:1193:6:udc_startup_events	8	static
