fg_rk816.c:322:12:rk816_bat_get_rsoc	16	static
fg_rk816.c:591:12:interpolate	24	static
fg_rk816.c:312:12:rk816_bat_read	24	static
fg_rk816.c:415:12:rk816_bat_get_ocv_voltage	16	static
fg_rk816.c:427:12:rk816_bat_get_avg_current	16	static
fg_rk816.c:445:12:rk816_bat_get_avg_voltage	16	static
fg_rk816.c:457:12:rk816_bat_get_est_voltage	16	static
fg_rk816.c:692:12:rk816_bat_get_fcc	24	static
fg_rk816.c:720:12:rk816_bat_get_coulomb_cap	24	static
fg_rk816.c:317:13:rk816_bat_write	24	static
fg_rk816.c:737:13:rk816_bat_init_capacity	16	static
fg_rk816.c:1115:13:rk816_bat_set_current	8	static
fg_rk816.c:274:12:saradc_init	8	static
fg_rk816.c:394:12:5	8	static
fg_rk816.c:666:12:7	16	static
fg_rk816.c:1017:12:16	8	static
fg_rk816.c:1379:12:21	8	static
fg_rk816.c:770:12:22	8	static
fg_rk816.c:809:13:rk816_bat_set_initialized_state	16	static
fg_rk816.c:1222:11:26	8	static
fg_rk816.c:381:13:27	8	static
fg_rk816.c:616:16:44	8	static
fg_rk816.c:1159:12:48	16	static
fg_rk816.c:1181:12:rk816_bat_check	8	static
fg_rk816.c:1514:12:rk816_bat_update	32	static
fg_rk816.c:949:6:rk816_bat_init_rsoc	72	static
fg_rk816.c:1700:5:fg_rk816_init	64	static
