fg_rk818.c:263:12:rk818_bat_get_rsoc	16	static
fg_rk818.c:542:12:interpolate	24	static
fg_rk818.c:253:12:rk818_bat_read	24	static
fg_rk818.c:364:12:rk818_bat_get_ocv_voltage	16	static
fg_rk818.c:389:12:rk818_bat_get_avg_voltage	16	static
fg_rk818.c:643:12:rk818_bat_get_fcc	24	static
fg_rk818.c:258:13:rk818_bat_write	24	static
fg_rk818.c:1107:13:rk818_bat_set_current	8	static
fg_rk818.c:375:12:4	16	static
fg_rk818.c:400:12:rk818_bat_get_est_voltage	24	static
fg_rk818.c:617:12:6	16	static
fg_rk818.c:671:12:9	24	static
fg_rk818.c:684:13:10	8	static
fg_rk818.c:706:13:rk818_bat_init_capacity	16	static
fg_rk818.c:793:13:15	0	static
fg_rk818.c:1417:12:21	8	static
fg_rk818.c:736:12:22	8	static
fg_rk818.c:777:13:rk818_bat_set_initialized_state	16	static
fg_rk818.c:1258:11:26	8	static
fg_rk818.c:313:12:28	8	static
fg_rk818.c:302:12:29	8	static
fg_rk818.c:324:13:30	8	static
fg_rk818.c:1017:13:46	16	static
fg_rk818.c:567:16:48	8	static
fg_rk818.c:1227:12:53	8	static
fg_rk818.c:1249:12:rk818_bat_check	8	static
fg_rk818.c:1666:12:rk818_bat_update	40	static
fg_rk818.c:248:6:is_rk81x_fg_init	0	static
fg_rk818.c:945:6:rk818_bat_init_rsoc	72	static
fg_rk818.c:1866:5:fg_rk818_init	72	static
