fdtdec.c:547:20:get_prop_check_min_len	24	static
fdtdec.c:90:13:fdtdec_get_compatible	0	static
fdtdec.c:213:10:fdtdec_get_uint64	24	static
fdtdec.c:226:5:fdtdec_get_is_enabled	8	static
fdtdec.c:243:20:fdtdec_lookup	24	static
fdtdec.c:255:5:fdtdec_next_compatible	0	static
fdtdec.c:261:5:fdtdec_next_compatible_subnode	24	static
fdtdec.c:276:5:fdtdec_next_alias	72	static
fdtdec.c:307:5:fdtdec_add_aliases_for_id	64	dynamic
fdtdec.c:298:5:fdtdec_find_aliases_for_id	24	static
fdtdec.c:421:5:fdtdec_get_alias_seq	56	static
fdtdec.c:463:5:fdtdec_get_alias_node	24	static
fdtdec.c:478:5:fdtdec_get_chosen_node	24	static
fdtdec.c:510:5:fdtdec_prepare_fdt	8	static
fdtdec.c:493:5:fdtdec_check_fdt	8	static
fdtdec.c:522:5:fdtdec_lookup_phandle	8	static
fdtdec.c:564:5:fdtdec_get_int_array	32	static
fdtdec.c:580:5:fdtdec_get_int_array_count	16	static
fdtdec.c:600:12:fdtdec_locate_array	24	static
fdtdec.c:611:5:fdtdec_get_bool	16	static
fdtdec.c:715:5:fdtdec_get_gpio	8	static
fdtdec.c:726:5:fdtdec_set_gpio	0	static
fdtdec.c:735:5:fdtdec_setup_gpio	8	static
fdtdec.c:749:5:fdtdec_get_byte_array	32	static
fdtdec.c:761:11:fdtdec_locate_byte_array	24	static
fdtdec.c:773:5:fdtdec_get_config_int	16	static
fdtdec.c:785:5:fdtdec_get_config_bool	16	static
fdtdec.c:799:7:fdtdec_get_config_string	24	static
fdtdec.c:817:5:fdtdec_decode_region	24	static
fdtdec.c:848:5:fdtdec_read_fmap_entry	40	static
fdtdec.c:871:5:fdtdec_get_number	12	static
fdtdec.c:97:12:fdtdec_get_addr_size_fixed	32	static
fdtdec.c:146:12:fdtdec_get_addr_size_auto_parent	40	static
fdtdec.c:180:12:fdtdec_get_addr_size_auto_noparent	32	static
fdtdec.c:635:5:fdtdec_decode_gpios	56	static
fdtdec.c:703:5:fdtdec_decode_gpio	16	static
fdtdec.c:197:12:fdtdec_get_addr_size	24	static
fdtdec.c:207:12:fdtdec_get_addr	0	static
fdtdec.c:881:5:fdt_get_resource	40	static
fdtdec.c:915:5:fdt_get_named_resource	24	static
fdtdec.c:928:5:fdtdec_pci_get_bdf	16	static
fdtdec.c:942:5:fdtdec_decode_memory_region	120	static
