rpmb.c:235:13:rpmb_hmac	264	static
rpmb.c:58:5:rpmb_send_cmd	32	static
rpmb.c:143:12:mmc_rpmb_request	80	static
rpmb.c:176:12:mmc_rpmb_response	88	static
rpmb.c:223:12:mmc_rpmb_status	592	static
rpmb.c:105:5:rpmb_switch_part	40	static
rpmb.c:279:5:mmc_rpmb_get_counter	600	static
rpmb.c:298:5:mmc_rpmb_set_key	600	static
rpmb.c:312:5:mmc_rpmb_read	72	dynamic
rpmb.c:368:5:mmc_rpmb_write	80	dynamic
rpmb.c:426:5:read_counter	16	static
rpmb.c:437:5:program_key	16	static
rpmb.c:452:5:authenticated_read	16	static
rpmb.c:465:5:authenticated_write	16	static
rpmb.c:480:5:init_rpmb	8	static
rpmb.c:489:5:finish_rpmb	8	static
rpmb.c:498:5:do_readcounter	0	static
rpmb.c:503:5:do_programkey	0	static
rpmb.c:508:5:do_authenticatedread	0	static
rpmb.c:513:5:do_authenticatedwrite	0	static
rpmb.c:518:13:do_returnmmc	16	static
