cmd_fastboot.c:818:20:getvar_version	0	static
cmd_fastboot.c:824:20:getvar_version_baseband	0	static
cmd_fastboot.c:829:20:getvar_version_bootloader	0	static
cmd_fastboot.c:834:20:getvar_unlocked	0	static
cmd_fastboot.c:839:20:getvar_secure	0	static
cmd_fastboot.c:845:20:getvar_product	0	static
cmd_fastboot.c:850:20:getvar_serialno	0	static
cmd_fastboot.c:679:13:fbt_set_unlocked	8	static
cmd_fastboot.c:394:13:str2wide	16	static
cmd_fastboot.c:876:20:getvar_checksum	48	static
cmd_fastboot.c:959:20:getvar_partition_offset	16	static
cmd_fastboot.c:977:20:getvar_partition_size	16	static
cmd_fastboot.c:855:20:getvar_partition_type	16	static
cmd_fastboot.c:749:12:fbt_handle_erase	16	static
cmd_fastboot.c:1865:13:fbt_handle_response	24	static
cmd_fastboot.c:1086:13:fbt_handle_reboot	8	static
cmd_fastboot.c:1109:12:fbt_send_raw_info	24	static
cmd_fastboot.c:1875:12:do_fastboot	128	static
cmd_fastboot.c:449:6:fbt_receive_firstcmd	16	static
cmd_fastboot.c:462:13:fbt_event_handler	16	static
cmd_fastboot.c:696:6:fbt_fastboot_init	32	static
cmd_fastboot.c:1987:5:fbt_log	24	static
cmd_fastboot.c:2010:5:fbt_send_info	8	static
