console.c:100:12:console_setfile	16	static
console.c:257:5:serial_printf	1040	static
console.c:448:6:puts	8	static
console.c:479:5:printf	1040	static
console.c:275:5:fgetc	8	static
console.c:347:5:getc	0	static
console.c:306:5:ftstc	8	static
console.c:366:5:tstc	0	static
console.c:314:6:fputc	8	static
console.c:418:6:putc	0	static
console.c:320:6:fputs	8	static
console.c:326:5:fprintf	1044	static
console.c:503:5:vprintf	1032	static
console.c:526:5:ctrlc	8	static
console.c:547:5:confirm_yesno	16	static
console.c:574:5:disable_ctrlc	0	static
console.c:582:5:had_ctrlc	0	static
console.c:587:6:clear_ctrlc	0	static
console.c:632:19:search_device	8	static
console.c:644:5:console_assign	8	static
console.c:20:12:on_console	24	static
console.c:673:5:console_init_f	0	static
console.c:687:6:stdio_print_current_devices	0	static
console.c:716:5:console_init_r	16	static
