fdt_support.c:1052:12:of_bus_default_map	48	static
fdt_support.c:1030:6:of_bus_default_count_cells	24	static
fdt_support.c:25:12:get_cells_len	8	static
fdt_support.c:412:12:fdt_pack_reg	32	static
fdt_support.c:1500:12:fdt_read_prop	12	static
fdt_support.c:1069:12:of_bus_default_translate	40	static
fdt_support.c:125:12:6	16	static
fdt_support.c:48:5:fdt_getprop_u32_default_node	24	static
fdt_support.c:78:5:fdt_getprop_u32_default	24	static
fdt_support.c:102:5:fdt_find_and_setprop	32	static
fdt_support.c:214:5:fdt_initrd	72	static
fdt_support.c:274:5:fdt_chosen	2080	static
fdt_support.c:331:6:do_fixup_by_path	24	static
fdt_support.c:347:6:do_fixup_by_path_u32	24	static
fdt_support.c:354:6:do_fixup_by_prop	40	static
fdt_support.c:375:6:do_fixup_by_prop_u32	32	static
fdt_support.c:383:6:do_fixup_by_compat	40	static
fdt_support.c:402:6:do_fixup_by_compat_u32	24	static
fdt_support.c:446:5:fdt_fixup_memory_banks	168	static
fdt_support.c:492:5:fdt_fixup_memory	16	static
fdt_support.c:498:5:fdt_update_reserved_memory	48	static
fdt_support.c:529:6:fdt_fixup_ethernet	88	static
fdt_support.c:577:5:fdt_shrink_to_minimum	48	static
fdt_support.c:767:5:fdt_increase_size	0	static
fdt_support.c:986:6:fdt_del_node_and_alias	16	static
fdt_support.c:1229:5:fdt_translate_address	120	static
fdt_support.c:1243:5:fdt_node_offset_by_compat_reg	32	static
fdt_support.c:1264:5:fdt_alloc_phandle	16	static
fdt_support.c:1283:5:fdt_set_phandle	40	static
fdt_support.c:1322:14:fdt_create_phandle	16	static
fdt_support.c:1352:5:fdt_set_node_status	40	static
fdt_support.c:1393:5:fdt_set_status_by_alias	16	static
fdt_support.c:1402:5:fdt_add_edid	32	static
fdt_support.c:1439:5:fdt_verify_alias_address	48	static
fdt_support.c:1480:5:fdt_get_base_address	24	static
fdt_support.c:1536:5:fdt_read_range	56	static
