serial.c:267:12:serial_stub_start	8	static
serial.c:274:12:serial_stub_stop	8	static
serial.c:281:13:serial_stub_putc	8	static
serial.c:288:13:serial_stub_puts	8	static
serial.c:295:5:serial_stub_getc	8	static
serial.c:302:5:serial_stub_tstc	8	static
serial.c:396:30:get_current	8	static
serial.c:33:13:serial_null	0	static
serial.c:176:6:serial_register	0	static
serial.c:316:6:serial_stdio_init	80	static
serial.c:353:5:serial_assign	16	static
serial.c:208:6:serial_initialize	8	static
serial.c:373:6:serial_reinit_all	8	static
serial.c:430:5:serial_init	8	static
serial.c:446:6:serial_setbrg	8	static
serial.c:42:12:on_baudrate	16	static
serial.c:462:5:serial_getc	8	static
serial.c:477:5:serial_tstc	8	static
serial.c:493:6:serial_putc	8	static
serial.c:511:6:serial_puts	8	static
serial.c:528:6:default_serial_puts	16	static
