clock.c:74:13:clk_loop_delayus	12	static
clock-rk3288.c:200:13:rkclk_pll_wait_lock	40	static
clock-rk3288.c:240:12:rkclk_pll_set_rate	24	static
clock-rk3288.c:987:12:rkclk_lcdc_aclk_config	0	static
clock-rk3288.c:302:15:rkclk_pll_get_rate	8	static
clock-rk3288.c:513:13:rkclk_apll_cb	0	static
clock-rk3288.c:520:13:rkclk_gpll_cb	8	static
clock-rk3288.c:682:6:rkclk_pll_mode	8	static
clock-rk3288.c:691:6:rkclk_set_pll_rate_by_id	0	static
clock-rk3288.c:709:6:rkclk_set_pll	8	static
clock-rk3288.c:730:8:rkclk_get_pll_rate_by_id	0	static
clock-rk3288.c:739:6:rkclk_get_pll	8	static
clock-rk3288.c:791:6:rkclk_dump_pll	8	static
clock-rk3288.c:945:6:rkclk_set_cpll_rate	40	static
clock-rk3288.c:1164:5:rkclk_lcdc_clk_set	24	static
clock-rk3288.c:1243:5:rkclk_set_nandc_freq_from_gpll	16	static
clock-rk3288.c:1325:6:rkclk_set_mmc_clk_src	0	static
clock-rk3288.c:1343:8:rkclk_get_mmc_clk	0	static
clock-rk3288.c:1368:8:rkclk_get_mmc_freq_from_gpll	8	static
clock-rk3288.c:1382:5:rkclk_set_mmc_clk_div	0	static
clock-rk3288.c:1403:7:rkclk_set_mmc_clk_freq	64	static
clock-rk3288.c:1457:5:rkclk_set_mmc_tuning	0	static
clock-rk3288.c:1481:5:rkclk_disable_mmc_tuning	0	static
clock-rk3288.c:1504:14:rkclk_get_pwm_clk	0	static
clock-rk3288.c:1514:14:rkclk_get_i2c_clk	0	static
clock-rk3288.c:1527:14:rkclk_get_spi_clk	8	static
clock-rk3288.c:1553:6:rkclk_set_crypto_clk	8	static
clock-rk3288.c:1570:6:rkclk_set_dp_ref_clk	0	static
clock-rk3288.c:1625:6:rkcru_cpu_soft_reset	0	static
clock-rk3288.c:1638:6:rkcru_mmc_soft_reset	16	static
clock-rk3288.c:1662:6:rkcru_i2c_soft_reset	8	static
