storage.c:562:12:vendor_ops	24	static
storage.c:240:6:FW_ReIntForUpdate	8	static
storage.c:251:6:FW_SorageLowFormatEn	0	static
storage.c:256:6:FW_SorageLowFormat	16	static
storage.c:270:8:FW_StorageGetValid	0	static
storage.c:281:8:FW_GetCurEraseBlock	8	static
storage.c:299:8:FW_GetTotleBlk	8	static
storage.c:311:5:StorageReadPba	16	static
storage.c:323:5:StorageWritePba	16	static
storage.c:335:5:StorageReadLba	16	static
storage.c:347:5:StorageWriteLba	32	static
storage.c:359:5:StorageEraseData	8	static
storage.c:369:8:StorageGetCapacity	8	static
storage.c:381:8:StorageSysDataLoad	16	static
storage.c:394:8:StorageSysDataStore	8	static
storage.c:408:8:StorageUbootSysDataLoad	0	static
storage.c:413:8:StorageUbootSysDataStore	0	static
storage.c:418:8:StorageVendorSysDataLoad	24	static
storage.c:437:8:StorageVendorSysDataStore	24	static
storage.c:453:5:StorageReadFlashInfo	8	static
storage.c:466:5:StorageEraseBlock	16	static
storage.c:478:8:StorageGetBootMedia	0	static
storage.c:483:8:StorageGetSDFwOffset	0	static
storage.c:497:8:StorageGetSDSysOffset	0	static
storage.c:511:5:StorageReadId	8	static
storage.c:525:6:StorageSDCardUpdateMode	8	static
storage.c:533:6:StorageSDCardBootMode	8	static
storage.c:605:5:vendor_storage_init	40	static
storage.c:217:7:StorageInit	24	static
storage.c:651:5:vendor_storage_read	16	static
storage.c:668:5:vendor_storage_write	32	static
