OpteeClientInterface.c:18:10:rk_send_keybox_to_ta	504	static
OpteeClientInterface.c:175:6:test_optee	488	static
OpteeClientInterface.c:267:10:b2hs	12	static
OpteeClientInterface.c:284:10:trusty_read_rollback_index	504	static
OpteeClientInterface.c:369:10:trusty_write_rollback_index	512	static
OpteeClientInterface.c:455:10:trusty_read_permanent_attributes	496	static
OpteeClientInterface.c:537:10:trusty_write_permanent_attributes	496	static
OpteeClientInterface.c:620:10:trusty_read_lock_state	488	static
OpteeClientInterface.c:702:10:trusty_write_lock_state	496	static
OpteeClientInterface.c:785:10:trusty_read_flash_lock_state	488	static
OpteeClientInterface.c:867:10:trusty_write_flash_lock_state	496	static
OpteeClientInterface.c:950:11:read_from_keymaster	512	static
OpteeClientInterface.c:1038:10:write_to_keymaster	504	static
OpteeClientInterface.c:116:5:write_keybox_to_secure_storage	56	static
OpteeClientInterface.c:1125:10:trusty_read_attribute_hash	472	static
OpteeClientInterface.c:1179:10:trusty_write_attribute_hash	472	static
OpteeClientInterface.c:1232:10:notify_optee_rpmb_ta	448	static
OpteeClientInterface.c:1271:10:notify_optee_efuse_ta	448	static
OpteeClientInterface.c:1311:10:trusty_notify_optee_uboot_end	8	static
OpteeClientInterface.c:1319:10:trusty_read_vbootkey_hash	472	static
OpteeClientInterface.c:1372:10:trusty_write_vbootkey_hash	472	static
OpteeClientInterface.c:1425:10:trusty_read_vbootkey_enable_flag	472	static
OpteeClientInterface.c:1483:10:trusty_read_permanent_attributes_flag	488	static
OpteeClientInterface.c:1564:10:trusty_write_permanent_attributes_flag	496	static
